Archive member included because of file (symbol)

.\CortexM0\ARM_GCC_493\Debug\Plant_control2_0.a(cyfitter_cfg.o)
                              .\CortexM0\ARM_GCC_493\Debug\Cm0Start.o (cyfitter_cfg)
.\CortexM0\ARM_GCC_493\Debug\Plant_control2_0.a(ADC_SAR_Seq_1.o)
                              .\CortexM0\ARM_GCC_493\Debug\main.o (ADC_SAR_Seq_1_Start)
.\CortexM0\ARM_GCC_493\Debug\Plant_control2_0.a(ADC_SAR_Seq_1_INT.o)
                              .\CortexM0\ARM_GCC_493\Debug\Plant_control2_0.a(ADC_SAR_Seq_1.o) (ADC_SAR_Seq_1_ISR)
.\CortexM0\ARM_GCC_493\Debug\Plant_control2_0.a(CyLib.o)
                              .\CortexM0\ARM_GCC_493\Debug\Plant_control2_0.a(cyfitter_cfg.o) (CyIntEnable)
.\CortexM0\ARM_GCC_493\Debug\Plant_control2_0.a(CyLFClk.o)
                              .\CortexM0\ARM_GCC_493\Debug\Plant_control2_0.a(cyfitter_cfg.o) (CySysWdtIsr)
.\CortexM0\ARM_GCC_493\Debug\Plant_control2_0.a(Pumpe.o)
                              .\CortexM0\ARM_GCC_493\Debug\pump.o (Pumpe_Write)
.\CortexM0\ARM_GCC_493\Debug\Plant_control2_0.a(isr_EOC.o)
                              .\CortexM0\ARM_GCC_493\Debug\main.o (isr_EOC_StartEx)
.\CortexM0\ARM_GCC_493\Debug\Plant_control2_0.a(UART.o)
                              .\CortexM0\ARM_GCC_493\Debug\main.o (UART_Start)
.\CortexM0\ARM_GCC_493\Debug\Plant_control2_0.a(UART_INT.o)
                              .\CortexM0\ARM_GCC_493\Debug\Plant_control2_0.a(UART.o) (UART_RXISR)
.\CortexM0\ARM_GCC_493\Debug\Plant_control2_0.a(isr_UART.o)
                              .\CortexM0\ARM_GCC_493\Debug\main.o (isr_UART_StartEx)
.\CortexM0\ARM_GCC_493\Debug\Plant_control2_0.a(UART_IntClock.o)
                              .\CortexM0\ARM_GCC_493\Debug\Plant_control2_0.a(UART.o) (UART_IntClock_Start)
.\CortexM0\ARM_GCC_493\Debug\Plant_control2_0.a(Rotor_motor1_plus_BLK.o)
                              .\CortexM0\ARM_GCC_493\Debug\motor.o (Rotor_motor1_plus_BLK_Write)
.\CortexM0\ARM_GCC_493\Debug\Plant_control2_0.a(Rotor_motor2_plus_RED.o)
                              .\CortexM0\ARM_GCC_493\Debug\motor.o (Rotor_motor2_plus_RED_Write)
.\CortexM0\ARM_GCC_493\Debug\Plant_control2_0.a(Rotor_motor1_minus_GRN.o)
                              .\CortexM0\ARM_GCC_493\Debug\motor.o (Rotor_motor1_minus_GRN_Write)
.\CortexM0\ARM_GCC_493\Debug\Plant_control2_0.a(Rotor_motor2_minus_BLU.o)
                              .\CortexM0\ARM_GCC_493\Debug\motor.o (Rotor_motor2_minus_BLU_Write)
.\CortexM0\ARM_GCC_493\Debug\Plant_control2_0.a(CyBootAsmGnu.o)
                              .\CortexM0\ARM_GCC_493\Debug\Plant_control2_0.a(CyLib.o) (CyDelayCycles)
c:/program files (x86)/cypress/psoc creator/3.3/psoc creator/import/gnu/arm/4.9.3/bin/../lib/gcc/arm-none-eabi/4.9.3/../../../../arm-none-eabi/lib/armv6-m\libm.a(lib_a-w_pow.o)
                              .\CortexM0\ARM_GCC_493\Debug\sensors.o (pow)
c:/program files (x86)/cypress/psoc creator/3.3/psoc creator/import/gnu/arm/4.9.3/bin/../lib/gcc/arm-none-eabi/4.9.3/../../../../arm-none-eabi/lib/armv6-m\libm.a(lib_a-e_pow.o)
                              c:/program files (x86)/cypress/psoc creator/3.3/psoc creator/import/gnu/arm/4.9.3/bin/../lib/gcc/arm-none-eabi/4.9.3/../../../../arm-none-eabi/lib/armv6-m\libm.a(lib_a-w_pow.o) (__ieee754_pow)
c:/program files (x86)/cypress/psoc creator/3.3/psoc creator/import/gnu/arm/4.9.3/bin/../lib/gcc/arm-none-eabi/4.9.3/../../../../arm-none-eabi/lib/armv6-m\libm.a(lib_a-e_sqrt.o)
                              c:/program files (x86)/cypress/psoc creator/3.3/psoc creator/import/gnu/arm/4.9.3/bin/../lib/gcc/arm-none-eabi/4.9.3/../../../../arm-none-eabi/lib/armv6-m\libm.a(lib_a-e_pow.o) (__ieee754_sqrt)
c:/program files (x86)/cypress/psoc creator/3.3/psoc creator/import/gnu/arm/4.9.3/bin/../lib/gcc/arm-none-eabi/4.9.3/../../../../arm-none-eabi/lib/armv6-m\libm.a(lib_a-s_fabs.o)
                              c:/program files (x86)/cypress/psoc creator/3.3/psoc creator/import/gnu/arm/4.9.3/bin/../lib/gcc/arm-none-eabi/4.9.3/../../../../arm-none-eabi/lib/armv6-m\libm.a(lib_a-e_pow.o) (fabs)
c:/program files (x86)/cypress/psoc creator/3.3/psoc creator/import/gnu/arm/4.9.3/bin/../lib/gcc/arm-none-eabi/4.9.3/../../../../arm-none-eabi/lib/armv6-m\libm.a(lib_a-s_finite.o)
                              c:/program files (x86)/cypress/psoc creator/3.3/psoc creator/import/gnu/arm/4.9.3/bin/../lib/gcc/arm-none-eabi/4.9.3/../../../../arm-none-eabi/lib/armv6-m\libm.a(lib_a-w_pow.o) (finite)
c:/program files (x86)/cypress/psoc creator/3.3/psoc creator/import/gnu/arm/4.9.3/bin/../lib/gcc/arm-none-eabi/4.9.3/../../../../arm-none-eabi/lib/armv6-m\libm.a(lib_a-s_fpclassify.o)
                              c:/program files (x86)/cypress/psoc creator/3.3/psoc creator/import/gnu/arm/4.9.3/bin/../lib/gcc/arm-none-eabi/4.9.3/../../../../arm-none-eabi/lib/armv6-m\libm.a(lib_a-w_pow.o) (__fpclassifyd)
[...]
Memory Configuration

Name             Origin             Length             Attributes
rom              0x00000000         0x00008000         xr
ram              0x20000000         0x00001000         xrw
*default*        0x00000000         0xffffffff

Linker script and memory map

LOAD c:/program files (x86)/cypress/psoc creator/3.3/psoc creator/import/gnu/arm/4.9.3/bin/../lib/gcc/arm-none-eabi/4.9.3/armv6-m/crti.o
LOAD c:/program files (x86)/cypress/psoc creator/3.3/psoc creator/import/gnu/arm/4.9.3/bin/../lib/gcc/arm-none-eabi/4.9.3/armv6-m/crtbegin.o
LOAD c:/program files (x86)/cypress/psoc creator/3.3/psoc creator/import/gnu/arm/4.9.3/bin/../lib/gcc/arm-none-eabi/4.9.3/../../../../arm-none-eabi/lib/armv6-m/crt0.o
START GROUP
LOAD .\CortexM0\ARM_GCC_493\Debug\main.o
LOAD .\CortexM0\ARM_GCC_493\Debug\Plantcontrol.o
LOAD .\CortexM0\ARM_GCC_493\Debug\sensors.o
LOAD .\CortexM0\ARM_GCC_493\Debug\pump.o
LOAD .\CortexM0\ARM_GCC_493\Debug\wifi.o
LOAD .\CortexM0\ARM_GCC_493\Debug\motor.o
LOAD .\CortexM0\ARM_GCC_493\Debug\cymetadata.o
LOAD .\CortexM0\ARM_GCC_493\Debug\Cm0Start.o
LOAD .\CortexM0\ARM_GCC_493\Debug\Plant_control2_0.a
LOAD C:\Program Files (x86)\Cypress\PSoC Creator\3.3\PSoC Creator\psoc\content\cycomponentlibrary\CyComponentLibrary.cylib\CortexM0\ARM_GCC_493\Debug\CyComponentLibrary.a
LOAD c:/program files (x86)/cypress/psoc creator/3.3/psoc creator/import/gnu/arm/4.9.3/bin/../lib/gcc/arm-none-eabi/4.9.3/../../../../arm-none-eabi/lib/armv6-m\libm.a
END GROUP
START GROUP
LOAD c:/program files (x86)/cypress/psoc creator/3.3/psoc creator/import/gnu/arm/4.9.3/bin/../lib/gcc/arm-none-eabi/4.9.3/armv6-m\libgcc.a
LOAD c:/program files (x86)/cypress/psoc creator/3.3/psoc creator/import/gnu/arm/4.9.3/bin/../lib/gcc/arm-none-eabi/4.9.3/../../../../arm-none-eabi/lib/armv6-m\libg_nano.a
LOAD c:/program files (x86)/cypress/psoc creator/3.3/psoc creator/import/gnu/arm/4.9.3/bin/../lib/gcc/arm-none-eabi/4.9.3/../../../../arm-none-eabi/lib/armv6-m\libc_nano.a
END GROUP
START GROUP
LOAD c:/program files (x86)/cypress/psoc creator/3.3/psoc creator/import/gnu/arm/4.9.3/bin/../lib/gcc/arm-none-eabi/4.9.3/armv6-m\libgcc.a
LOAD c:/program files (x86)/cypress/psoc creator/3.3/psoc creator/import/gnu/arm/4.9.3/bin/../lib/gcc/arm-none-eabi/4.9.3/../../../../arm-none-eabi/lib/armv6-m\libc_nano.a
END GROUP
LOAD c:/program files (x86)/cypress/psoc creator/3.3/psoc creator/import/gnu/arm/4.9.3/bin/../lib/gcc/arm-none-eabi/4.9.3/armv6-m/crtend.o
LOAD c:/program files (x86)/cypress/psoc creator/3.3/psoc creator/import/gnu/arm/4.9.3/bin/../lib/gcc/arm-none-eabi/4.9.3/armv6-m/crtn.o
START GROUP
LOAD c:/program files (x86)/cypress/psoc creator/3.3/psoc creator/import/gnu/arm/4.9.3/bin/../lib/gcc/arm-none-eabi/4.9.3/armv6-m\libgcc.a
LOAD c:/program files (x86)/cypress/psoc creator/3.3/psoc creator/import/gnu/arm/4.9.3/bin/../lib/gcc/arm-none-eabi/4.9.3/../../../../arm-none-eabi/lib/armv6-m\libc.a
LOAD c:/program files (x86)/cypress/psoc creator/3.3/psoc creator/import/gnu/arm/4.9.3/bin/../lib/gcc/arm-none-eabi/4.9.3/../../../../arm-none-eabi/lib/armv6-m\libnosys.a
END GROUP
                0x00000000                CY_APPL_ORIGIN = 0x0
                0x00000080                CY_FLASH_ROW_SIZE = 0x80
                0x00000001                CY_APPL_NUM = 0x1
                0x00000001                CY_APPL_MAX = 0x1
                0x00000040                CY_METADATA_SIZE = 0x40
                0x00000000                CY_APPL_LOADABLE = 0x0
                0x00000000                CY_CHECKSUM_EXCLUDE_SIZE = ALIGN (0x0, CY_FLASH_ROW_SIZE)
                0x00000000                CY_APP_FOR_STACK_AND_COPIER = 0x0
                0x200006d0                PROVIDE (__cy_heap_start, _end)
                0x00000001                PROVIDE (__cy_region_num, ((__cy_regions_end - __cy_regions) / 0x10))
                0x20001000                PROVIDE (__cy_stack, (ORIGIN (ram) + 0x1000))
                0x20000c00                PROVIDE (__cy_heap_end, (__cy_stack - 0x400))

.cybootloader   0x00000000        0x0
 *(.cybootloader)
                0x00000000                appl1_start = CY_APPL_ORIGIN?CY_APPL_ORIGIN:ALIGN (CY_FLASH_ROW_SIZE)
                0x00003f80                appl2_start = (appl1_start + ALIGN ((((0x8000 - appl1_start) - (0x2 * CY_FLASH_ROW_SIZE)) / 0x2), CY_FLASH_ROW_SIZE))
                0x00000000                appl_start = (CY_APPL_NUM == 0x1)?appl1_start:appl2_start
                0x00000001                cy_project_type_bootloader = (appl_start == 0x0)?0x1:0x0
                0x00000000                cy_project_type_app_for_stack_and_copier = (CY_APP_FOR_STACK_AND_COPIER == 0x1)?0x1:0x0

.text           0x00000000     0x4ec6
 CREATE_OBJECT_SYMBOLS
                0x00000000                PROVIDE (__cy_interrupt_vector, RomVectors)
 *(.romvectors)
 .romvectors    0x00000000       0x10 .\CortexM0\ARM_GCC_493\Debug\Cm0Start.o
                0x00000000                RomVectors
                0x00000001                ASSERT ((. != __cy_interrupt_vector), No interrupt vector)
                0x00000001                ASSERT (CY_APPL_ORIGIN?(SIZEOF (.cybootloader) <= CY_APPL_ORIGIN):0x1, Wrong image location)
                0x00000010                PROVIDE (__cy_reset, Reset)
 *(.text.Reset)
 .text.Reset    0x00000010        0x8 .\CortexM0\ARM_GCC_493\Debug\Cm0Start.o
                0x00000010                Reset
                0x00000001                ASSERT ((. != __cy_reset), No reset code)
 *(.psocinit)
 .psocinit      0x00000018      0x20c .\CortexM0\ARM_GCC_493\Debug\Plant_control2_0.a(cyfitter_cfg.o)
                0x000000b4                cyfitter_cfg
                0x00000224                . = MAX (., 0x100)
 *(.text .text.* .gnu.linkonce.t.*)
 .text          0x00000224       0x60 c:/program files (x86)/cypress/psoc creator/3.3/psoc creator/import/gnu/arm/4.9.3/bin/../lib/gcc/arm-none-eabi/4.9.3/armv6-m/crtbegin.o
 .text.main     0x00000284       0x2c .\CortexM0\ARM_GCC_493\Debug\main.o
                0x00000284                main
 .text.run      0x000002b0       0x14 .\CortexM0\ARM_GCC_493\Debug\Plantcontrol.o
                0x000002b0                run
 .text.isr_EOC_vec
                0x000002c4       0xc0 .\CortexM0\ARM_GCC_493\Debug\sensors.o
                0x000002c4                isr_EOC_vec
 .text.get_moisture
                0x00000384      0x124 .\CortexM0\ARM_GCC_493\Debug\sensors.o
                0x00000384                get_moisture
 .text.get_waterlevel
                0x000004a8      0x124 .\CortexM0\ARM_GCC_493\Debug\sensors.o
                0x000004a8                get_waterlevel
 .text.get_temp
                0x000005cc       0x64 .\CortexM0\ARM_GCC_493\Debug\sensors.o
                0x000005cc                get_temp
 .text.get_batterylevel
                0x00000630       0xd0 .\CortexM0\ARM_GCC_493\Debug\sensors.o
                0x00000630                get_batterylevel
 .text.get_lightlevel
                0x00000700       0xf4 .\CortexM0\ARM_GCC_493\Debug\sensors.o
                0x00000700                get_lightlevel
 .text.getValues
                0x000007f4       0x48 .\CortexM0\ARM_GCC_493\Debug\sensors.o
                0x000007f4                getValues
 .text.updateBuf
                0x0000083c       0x5c .\CortexM0\ARM_GCC_493\Debug\wifi.o
                0x0000083c                updateBuf
 .text.UART_ISR
                0x00000898        0x8 .\CortexM0\ARM_GCC_493\Debug\wifi.o
                0x00000898                UART_ISR
 .text.IntDefaultHandler
                0x000008a0        0x4 .\CortexM0\ARM_GCC_493\Debug\Cm0Start.o
                0x000008a0                IntDefaultHandler
 .text._sbrk    0x000008a4       0x30 .\CortexM0\ARM_GCC_493\Debug\Cm0Start.o
                0x000008a4                _sbrk
 .text.Start_c  0x000008d4       0x48 .\CortexM0\ARM_GCC_493\Debug\Cm0Start.o
                0x000008d4                Start_c
 .text.initialize_psoc
                0x0000091c       0x48 .\CortexM0\ARM_GCC_493\Debug\Cm0Start.o
                0x0000091c                initialize_psoc
 .text.cfg_write_bytes32
                0x00000964       0x34 .\CortexM0\ARM_GCC_493\Debug\Plant_control2_0.a(cyfitter_cfg.o)
 .text.CYMEMZERO
                0x00000998        0xc .\CortexM0\ARM_GCC_493\Debug\Plant_control2_0.a(cyfitter_cfg.o)
 .text.CYCONFIGCPYCODE
                0x000009a4        0x8 .\CortexM0\ARM_GCC_493\Debug\Plant_control2_0.a(cyfitter_cfg.o)
 .text.SetAnalogRoutingPumps
                0x000009ac       0x20 .\CortexM0\ARM_GCC_493\Debug\Plant_control2_0.a(cyfitter_cfg.o)
                0x000009ac                SetAnalogRoutingPumps
 .text.AnalogSetDefault
                0x000009cc       0x1c .\CortexM0\ARM_GCC_493\Debug\Plant_control2_0.a(cyfitter_cfg.o)
 .text.ADC_SAR_Seq_1_Init
                0x000009e8      0x178 .\CortexM0\ARM_GCC_493\Debug\Plant_control2_0.a(ADC_SAR_Seq_1.o)
                0x000009e8                ADC_SAR_Seq_1_Init
 .text.ADC_SAR_Seq_1_Enable
                0x00000b60       0x24 .\CortexM0\ARM_GCC_493\Debug\Plant_control2_0.a(ADC_SAR_Seq_1.o)
                0x00000b60                ADC_SAR_Seq_1_Enable
 .text.ADC_SAR_Seq_1_Start
                0x00000b84       0x20 .\CortexM0\ARM_GCC_493\Debug\Plant_control2_0.a(ADC_SAR_Seq_1.o)
                0x00000b84                ADC_SAR_Seq_1_Start
 .text.ADC_SAR_Seq_1_StartConvert
                0x00000ba4       0x14 .\CortexM0\ARM_GCC_493\Debug\Plant_control2_0.a(ADC_SAR_Seq_1.o)
                0x00000ba4                ADC_SAR_Seq_1_StartConvert
 .text.ADC_SAR_Seq_1_GetResult16
                0x00000bb8       0x2c .\CortexM0\ARM_GCC_493\Debug\Plant_control2_0.a(ADC_SAR_Seq_1.o)
                0x00000bb8                ADC_SAR_Seq_1_GetResult16
 .text.ADC_SAR_Seq_1_CountsTo_mVolts
                0x00000be4       0x5c .\CortexM0\ARM_GCC_493\Debug\Plant_control2_0.a(ADC_SAR_Seq_1.o)
                0x00000be4                ADC_SAR_Seq_1_CountsTo_mVolts
 .text.ADC_SAR_Seq_1_ISR
                0x00000c40        0xc .\CortexM0\ARM_GCC_493\Debug\Plant_control2_0.a(ADC_SAR_Seq_1_INT.o)
                0x00000c40                ADC_SAR_Seq_1_ISR
 .text.CyIntEnable
                0x00000c4c       0x14 .\CortexM0\ARM_GCC_493\Debug\Plant_control2_0.a(CyLib.o)
                0x00000c4c                CyIntEnable
 .text.CyIntDisable
                0x00000c60       0x14 .\CortexM0\ARM_GCC_493\Debug\Plant_control2_0.a(CyLib.o)
                0x00000c60                CyIntDisable
 .text.CyIntSetPending
                0x00000c74       0x14 .\CortexM0\ARM_GCC_493\Debug\Plant_control2_0.a(CyLib.o)
                0x00000c74                CyIntSetPending
 .text.CyIntClearPending
                0x00000c88       0x14 .\CortexM0\ARM_GCC_493\Debug\Plant_control2_0.a(CyLib.o)
                0x00000c88                CyIntClearPending
 .text.CyHalt   0x00000c9c        0x4 .\CortexM0\ARM_GCC_493\Debug\Plant_control2_0.a(CyLib.o)
                0x00000c9c                CyHalt
 .text.CyIntSetVector
                0x00000ca0       0x24 .\CortexM0\ARM_GCC_493\Debug\Plant_control2_0.a(CyLib.o)
                0x00000ca0                CyIntSetVector
 .text.CyIntSetPriority
                0x00000cc4       0x4c .\CortexM0\ARM_GCC_493\Debug\Plant_control2_0.a(CyLib.o)
                0x00000cc4                CyIntSetPriority
 .text.CyDelay  0x00000d10       0x30 .\CortexM0\ARM_GCC_493\Debug\Plant_control2_0.a(CyLib.o)
                0x00000d10                CyDelay
 .text.CyDelayUs
                0x00000d40       0x14 .\CortexM0\ARM_GCC_493\Debug\Plant_control2_0.a(CyLib.o)
                0x00000d40                CyDelayUs
 .text.CySysClkWriteImoFreq
                0x00000d54      0x164 .\CortexM0\ARM_GCC_493\Debug\Plant_control2_0.a(CyLib.o)
                0x00000d54                CySysClkWriteImoFreq
 .text.CySysWdtLocked
                0x00000eb8       0x14 .\CortexM0\ARM_GCC_493\Debug\Plant_control2_0.a(CyLFClk.o)
 .text.CySysWdtLock
                0x00000ecc       0x1c .\CortexM0\ARM_GCC_493\Debug\Plant_control2_0.a(CyLFClk.o)
                0x00000ecc                CySysWdtLock
 .text.CySysWdtUnlock
                0x00000ee8       0x30 .\CortexM0\ARM_GCC_493\Debug\Plant_control2_0.a(CyLFClk.o)
                0x00000ee8                CySysWdtUnlock
 .text.CySysWdtClearInterrupt
                0x00000f18       0x4c .\CortexM0\ARM_GCC_493\Debug\Plant_control2_0.a(CyLFClk.o)
                0x00000f18                CySysWdtClearInterrupt
 .text.CySysWdtIsr
                0x00000f64       0xa4 .\CortexM0\ARM_GCC_493\Debug\Plant_control2_0.a(CyLFClk.o)
                0x00000f64                CySysWdtIsr
 .text.isr_EOC_SetVector
                0x00001008        0xc .\CortexM0\ARM_GCC_493\Debug\Plant_control2_0.a(isr_EOC.o)
                0x00001008                isr_EOC_SetVector
 .text.isr_EOC_SetPriority
                0x00001014       0x20 .\CortexM0\ARM_GCC_493\Debug\Plant_control2_0.a(isr_EOC.o)
                0x00001014                isr_EOC_SetPriority
 .text.isr_EOC_Enable
                0x00001034        0xc .\CortexM0\ARM_GCC_493\Debug\Plant_control2_0.a(isr_EOC.o)
                0x00001034                isr_EOC_Enable
 .text.isr_EOC_Disable
                0x00001040        0xc .\CortexM0\ARM_GCC_493\Debug\Plant_control2_0.a(isr_EOC.o)
                0x00001040                isr_EOC_Disable
 .text.isr_EOC_StartEx
                0x0000104c       0x1c .\CortexM0\ARM_GCC_493\Debug\Plant_control2_0.a(isr_EOC.o)
                0x0000104c                isr_EOC_StartEx
 .text.UART_Init
                0x00001068       0x68 .\CortexM0\ARM_GCC_493\Debug\Plant_control2_0.a(UART.o)
                0x00001068                UART_Init
 .text.UART_Enable
                0x000010d0       0x54 .\CortexM0\ARM_GCC_493\Debug\Plant_control2_0.a(UART.o)
                0x000010d0                UART_Enable
 .text.UART_Start
                0x00001124       0x20 .\CortexM0\ARM_GCC_493\Debug\Plant_control2_0.a(UART.o)
                0x00001124                UART_Start
 .text.UART_ReadRxData
                0x00001144       0x5c .\CortexM0\ARM_GCC_493\Debug\Plant_control2_0.a(UART.o)
                0x00001144                UART_ReadRxData
 .text.UART_GetRxBufferSize
                0x000011a0       0x58 .\CortexM0\ARM_GCC_493\Debug\Plant_control2_0.a(UART.o)
                0x000011a0                UART_GetRxBufferSize
 .text.UART_PutChar
                0x000011f8       0x6c .\CortexM0\ARM_GCC_493\Debug\Plant_control2_0.a(UART.o)
                0x000011f8                UART_PutChar
 .text.UART_PutString
                0x00001264       0x28 .\CortexM0\ARM_GCC_493\Debug\Plant_control2_0.a(UART.o)
                0x00001264                UART_PutString
 .text.UART_RXISR
                0x0000128c       0x8c .\CortexM0\ARM_GCC_493\Debug\Plant_control2_0.a(UART_INT.o)
                0x0000128c                UART_RXISR
 .text.UART_TXISR
                0x00001318       0x58 .\CortexM0\ARM_GCC_493\Debug\Plant_control2_0.a(UART_INT.o)
                0x00001318                UART_TXISR
 .text.isr_UART_SetVector
                0x00001370        0xc .\CortexM0\ARM_GCC_493\Debug\Plant_control2_0.a(isr_UART.o)
                0x00001370                isr_UART_SetVector
 .text.isr_UART_SetPriority
                0x0000137c       0x24 .\CortexM0\ARM_GCC_493\Debug\Plant_control2_0.a(isr_UART.o)
                0x0000137c                isr_UART_SetPriority
 .text.isr_UART_Enable
                0x000013a0        0xc .\CortexM0\ARM_GCC_493\Debug\Plant_control2_0.a(isr_UART.o)
                0x000013a0                isr_UART_Enable
 .text.isr_UART_Disable
                0x000013ac        0xc .\CortexM0\ARM_GCC_493\Debug\Plant_control2_0.a(isr_UART.o)
                0x000013ac                isr_UART_Disable
 .text.isr_UART_StartEx
                0x000013b8       0x1c .\CortexM0\ARM_GCC_493\Debug\Plant_control2_0.a(isr_UART.o)
                0x000013b8                isr_UART_StartEx
 .text.UART_IntClock_Start
                0x000013d4       0x14 .\CortexM0\ARM_GCC_493\Debug\Plant_control2_0.a(UART_IntClock.o)
                0x000013d4                UART_IntClock_Start
 .text          0x000013e8       0x28 .\CortexM0\ARM_GCC_493\Debug\Plant_control2_0.a(CyBootAsmGnu.o)
                0x000013e8                CyDelayCycles
                0x000013fc                CyEnterCriticalSection
                0x00001404                CyExitCriticalSection
 .text.pow      0x00001410      0x35c c:/program files (x86)/cypress/psoc creator/3.3/psoc creator/import/gnu/arm/4.9.3/bin/../lib/gcc/arm-none-eabi/4.9.3/../../../../arm-none-eabi/lib/armv6-m\libm.a(lib_a-w_pow.o)
                0x00001410                pow
 .text.__ieee754_pow
                0x0000176c      0xa8c c:/program files (x86)/cypress/psoc creator/3.3/psoc creator/import/gnu/arm/4.9.3/bin/../lib/gcc/arm-none-eabi/4.9.3/../../../../arm-none-eabi/lib/armv6-m\libm.a(lib_a-e_pow.o)
                0x0000176c                __ieee754_pow
 .text.__ieee754_sqrt
                0x000021f8      0x1ec c:/program files (x86)/cypress/psoc creator/3.3/psoc creator/import/gnu/arm/4.9.3/bin/../lib/gcc/arm-none-eabi/4.9.3/../../../../arm-none-eabi/lib/armv6-m\libm.a(lib_a-e_sqrt.o)
                0x000021f8                __ieee754_sqrt
 .text.fabs     0x000023e4        0x8 c:/program files (x86)/cypress/psoc creator/3.3/psoc creator/import/gnu/arm/4.9.3/bin/../lib/gcc/arm-none-eabi/4.9.3/../../../../arm-none-eabi/lib/armv6-m\libm.a(lib_a-s_fabs.o)
                0x000023e4                fabs
 .text.finite   0x000023ec       0x14 c:/program files (x86)/cypress/psoc creator/3.3/psoc creator/import/gnu/arm/4.9.3/bin/../lib/gcc/arm-none-eabi/4.9.3/../../../../arm-none-eabi/lib/armv6-m\libm.a(lib_a-s_finite.o)
                0x000023ec                finite
 .text.__fpclassifyd
                0x00002400       0x5c c:/program files (x86)/cypress/psoc creator/3.3/psoc creator/import/gnu/arm/4.9.3/bin/../lib/gcc/arm-none-eabi/4.9.3/../../../../arm-none-eabi/lib/armv6-m\libm.a(lib_a-s_fpclassify.o)
                0x00002400                __fpclassifyd
 .text.matherr  0x0000245c        0x4 c:/program files (x86)/cypress/psoc creator/3.3/psoc creator/import/gnu/arm/4.9.3/bin/../lib/gcc/arm-none-eabi/4.9.3/../../../../arm-none-eabi/lib/armv6-m\libm.a(lib_a-s_matherr.o)
                0x0000245c                matherr
 .text.nan      0x00002460        0xc c:/program files (x86)/cypress/psoc creator/3.3/psoc creator/import/gnu/arm/4.9.3/bin/../lib/gcc/arm-none-eabi/4.9.3/../../../../arm-none-eabi/lib/armv6-m\libm.a(lib_a-s_nan.o)
                0x00002460                nan
 .text.rint     0x0000246c      0x144 c:/program files (x86)/cypress/psoc creator/3.3/psoc creator/import/gnu/arm/4.9.3/bin/../lib/gcc/arm-none-eabi/4.9.3/../../../../arm-none-eabi/lib/armv6-m\libm.a(lib_a-s_rint.o)
                0x0000246c                rint
 .text.scalbn   0x000025b0       0xf8 c:/program files (x86)/cypress/psoc creator/3.3/psoc creator/import/gnu/arm/4.9.3/bin/../lib/gcc/arm-none-eabi/4.9.3/../../../../arm-none-eabi/lib/armv6-m\libm.a(lib_a-s_scalbn.o)
                0x000025b0                scalbn
 .text.copysign
                0x000026a8       0x10 c:/program files (x86)/cypress/psoc creator/3.3/psoc creator/import/gnu/arm/4.9.3/bin/../lib/gcc/arm-none-eabi/4.9.3/../../../../arm-none-eabi/lib/armv6-m\libm.a(lib_a-s_copysign.o)
                0x000026a8                copysign
 .text          0x000026b8      0x120 c:/program files (x86)/cypress/psoc creator/3.3/psoc creator/import/gnu/arm/4.9.3/bin/../lib/gcc/arm-none-eabi/4.9.3/armv6-m\libgcc.a(_udivsi3.o)
                0x000026b8                __aeabi_uidiv
                0x000026b8                __udivsi3
                0x000027c4                __aeabi_uidivmod
 .text          0x000027d8      0x1e0 c:/program files (x86)/cypress/psoc creator/3.3/psoc creator/import/gnu/arm/4.9.3/bin/../lib/gcc/arm-none-eabi/4.9.3/armv6-m\libgcc.a(_divsi3.o)
                0x000027d8                __divsi3
                0x000027d8                __aeabi_idiv
                0x000029a4                __aeabi_idivmod
 .text          0x000029b8        0x4 c:/program files (x86)/cypress/psoc creator/3.3/psoc creator/import/gnu/arm/4.9.3/bin/../lib/gcc/arm-none-eabi/4.9.3/armv6-m\libgcc.a(_dvmd_tls.o)
                0x000029b8                __aeabi_idiv0
                0x000029b8                __aeabi_ldiv0
 .text          0x000029bc       0x7c c:/program files (x86)/cypress/psoc creator/3.3/psoc creator/import/gnu/arm/4.9.3/bin/../lib/gcc/arm-none-eabi/4.9.3/armv6-m\libgcc.a(_arm_cmpdf2.o)
                0x000029bc                __aeabi_cdrcmple
                0x000029cc                __aeabi_cdcmple
                0x000029cc                __aeabi_cdcmpeq
                0x000029dc                __aeabi_dcmpeq
                0x000029e8                __aeabi_dcmplt
                0x000029fc                __aeabi_dcmple
                0x00002a10                __aeabi_dcmpgt
                0x00002a24                __aeabi_dcmpge
 .text          0x00002a38      0x650 c:/program files (x86)/cypress/psoc creator/3.3/psoc creator/import/gnu/arm/4.9.3/bin/../lib/gcc/arm-none-eabi/4.9.3/armv6-m\libgcc.a(adddf3.o)
                0x00002a38                __aeabi_dadd
 .text          0x00003088      0x648 c:/program files (x86)/cypress/psoc creator/3.3/psoc creator/import/gnu/arm/4.9.3/bin/../lib/gcc/arm-none-eabi/4.9.3/armv6-m\libgcc.a(divdf3.o)
                0x00003088                __aeabi_ddiv
 .text          0x000036d0       0x88 c:/program files (x86)/cypress/psoc creator/3.3/psoc creator/import/gnu/arm/4.9.3/bin/../lib/gcc/arm-none-eabi/4.9.3/armv6-m\libgcc.a(eqdf2.o)
                0x000036d0                __nedf2
                0x000036d0                __eqdf2
 .text          0x00003758       0xe0 c:/program files (x86)/cypress/psoc creator/3.3/psoc creator/import/gnu/arm/4.9.3/bin/../lib/gcc/arm-none-eabi/4.9.3/armv6-m\libgcc.a(gedf2.o)
                0x00003758                __gedf2
                0x00003758                __gtdf2
 .text          0x00003838       0xcc c:/program files (x86)/cypress/psoc creator/3.3/psoc creator/import/gnu/arm/4.9.3/bin/../lib/gcc/arm-none-eabi/4.9.3/armv6-m\libgcc.a(ledf2.o)
                0x00003838                __ledf2
                0x00003838                __ltdf2
 .text          0x00003904      0x534 c:/program files (x86)/cypress/psoc creator/3.3/psoc creator/import/gnu/arm/4.9.3/bin/../lib/gcc/arm-none-eabi/4.9.3/armv6-m\libgcc.a(muldf3.o)
                0x00003904                __aeabi_dmul
 .text          0x00003e38      0x6f4 c:/program files (x86)/cypress/psoc creator/3.3/psoc creator/import/gnu/arm/4.9.3/bin/../lib/gcc/arm-none-eabi/4.9.3/armv6-m\libgcc.a(subdf3.o)
                0x00003e38                __aeabi_dsub
 .text          0x0000452c       0x6c c:/program files (x86)/cypress/psoc creator/3.3/psoc creator/import/gnu/arm/4.9.3/bin/../lib/gcc/arm-none-eabi/4.9.3/armv6-m\libgcc.a(fixdfsi.o)
                0x0000452c                __aeabi_d2iz
 .text          0x00004598       0x78 c:/program files (x86)/cypress/psoc creator/3.3/psoc creator/import/gnu/arm/4.9.3/bin/../lib/gcc/arm-none-eabi/4.9.3/armv6-m\libgcc.a(floatsidf.o)
                0x00004598                __aeabi_i2d
 .text          0x00004610       0x3c c:/program files (x86)/cypress/psoc creator/3.3/psoc creator/import/gnu/arm/4.9.3/bin/../lib/gcc/arm-none-eabi/4.9.3/armv6-m\libgcc.a(_clzsi2.o)
                0x00004610                __clzsi2
 .text.__errno  0x0000464c        0xc c:/program files (x86)/cypress/psoc creator/3.3/psoc creator/import/gnu/arm/4.9.3/bin/../lib/gcc/arm-none-eabi/4.9.3/../../../../arm-none-eabi/lib/armv6-m\libg_nano.a(lib_a-errno.o)
                0x0000464c                __errno
 .text.__libc_init_array
                0x00004658       0x4c c:/program files (x86)/cypress/psoc creator/3.3/psoc creator/import/gnu/arm/4.9.3/bin/../lib/gcc/arm-none-eabi/4.9.3/../../../../arm-none-eabi/lib/armv6-m\libg_nano.a(lib_a-init.o)
                0x00004658                __libc_init_array
 .text.memcpy   0x000046a4       0x12 c:/program files (x86)/cypress/psoc creator/3.3/psoc creator/import/gnu/arm/4.9.3/bin/../lib/gcc/arm-none-eabi/4.9.3/../../../../arm-none-eabi/lib/armv6-m\libg_nano.a(lib_a-memcpy.o)
                0x000046a4                memcpy
 .text.memset   0x000046b6       0x10 c:/program files (x86)/cypress/psoc creator/3.3/psoc creator/import/gnu/arm/4.9.3/bin/../lib/gcc/arm-none-eabi/4.9.3/../../../../arm-none-eabi/lib/armv6-m\libg_nano.a(lib_a-memset.o)
                0x000046b6                memset
 *fill*         0x000046c6        0x2 
 .text.sprintf  0x000046c8       0x44 c:/program files (x86)/cypress/psoc creator/3.3/psoc creator/import/gnu/arm/4.9.3/bin/../lib/gcc/arm-none-eabi/4.9.3/../../../../arm-none-eabi/lib/armv6-m\libg_nano.a(lib_a-sprintf.o)
                0x000046c8                siprintf
                0x000046c8                sprintf
 .text.__ssputs_r
                0x0000470c       0xc0 c:/program files (x86)/cypress/psoc creator/3.3/psoc creator/import/gnu/arm/4.9.3/bin/../lib/gcc/arm-none-eabi/4.9.3/../../../../arm-none-eabi/lib/armv6-m\libg_nano.a(lib_a-nano-svfprintf.o)
                0x0000470c                __ssputs_r
 .text._svfprintf_r
                0x000047cc      0x1ec c:/program files (x86)/cypress/psoc creator/3.3/psoc creator/import/gnu/arm/4.9.3/bin/../lib/gcc/arm-none-eabi/4.9.3/../../../../arm-none-eabi/lib/armv6-m\libg_nano.a(lib_a-nano-svfprintf.o)
                0x000047cc                _svfiprintf_r
                0x000047cc                _svfprintf_r
 .text._printf_common
                0x000049b8       0xdc c:/program files (x86)/cypress/psoc creator/3.3/psoc creator/import/gnu/arm/4.9.3/bin/../lib/gcc/arm-none-eabi/4.9.3/../../../../arm-none-eabi/lib/armv6-m\libg_nano.a(lib_a-nano-vfprintf_i.o)
                0x000049b8                _printf_common
 .text._printf_i
                0x00004a94      0x230 c:/program files (x86)/cypress/psoc creator/3.3/psoc creator/import/gnu/arm/4.9.3/bin/../lib/gcc/arm-none-eabi/4.9.3/../../../../arm-none-eabi/lib/armv6-m\libg_nano.a(lib_a-nano-vfprintf_i.o)
                0x00004a94                _printf_i
 .text.memchr   0x00004cc4       0x16 c:/program files (x86)/cypress/psoc creator/3.3/psoc creator/import/gnu/arm/4.9.3/bin/../lib/gcc/arm-none-eabi/4.9.3/../../../../arm-none-eabi/lib/armv6-m\libg_nano.a(lib_a-memchr.o)
                0x00004cc4                memchr
 .text.memmove  0x00004cda       0x28 c:/program files (x86)/cypress/psoc creator/3.3/psoc creator/import/gnu/arm/4.9.3/bin/../lib/gcc/arm-none-eabi/4.9.3/../../../../arm-none-eabi/lib/armv6-m\libg_nano.a(lib_a-memmove.o)
                0x00004cda                memmove
 *fill*         0x00004d02        0x2 
 .text._free_r  0x00004d04       0x8c c:/program files (x86)/cypress/psoc creator/3.3/psoc creator/import/gnu/arm/4.9.3/bin/../lib/gcc/arm-none-eabi/4.9.3/../../../../arm-none-eabi/lib/armv6-m\libg_nano.a(lib_a-nano-freer.o)
                0x00004d04                _free_r
 .text._malloc_r
                0x00004d90       0xb0 c:/program files (x86)/cypress/psoc creator/3.3/psoc creator/import/gnu/arm/4.9.3/bin/../lib/gcc/arm-none-eabi/4.9.3/../../../../arm-none-eabi/lib/armv6-m\libg_nano.a(lib_a-nano-mallocr.o)
                0x00004d90                _malloc_r
 .text._realloc_r
                0x00004e40       0x4c c:/program files (x86)/cypress/psoc creator/3.3/psoc creator/import/gnu/arm/4.9.3/bin/../lib/gcc/arm-none-eabi/4.9.3/../../../../arm-none-eabi/lib/armv6-m\libg_nano.a(lib_a-nano-reallocr.o)
                0x00004e40                _realloc_r
 .text._sbrk_r  0x00004e8c       0x24 c:/program files (x86)/cypress/psoc creator/3.3/psoc creator/import/gnu/arm/4.9.3/bin/../lib/gcc/arm-none-eabi/4.9.3/../../../../arm-none-eabi/lib/armv6-m\libg_nano.a(lib_a-sbrkr.o)
                0x00004e8c                _sbrk_r
 .text._malloc_usable_size_r
                0x00004eb0       0x16 c:/program files (x86)/cypress/psoc creator/3.3/psoc creator/import/gnu/arm/4.9.3/bin/../lib/gcc/arm-none-eabi/4.9.3/../../../../arm-none-eabi/lib/armv6-m\libg_nano.a(lib_a-nano-msizer.o)
                0x00004eb0                _malloc_usable_size_r
 *(.plt)
 *(.gnu.warning)
 *(.glue_7t)
 .glue_7t       0x00000000        0x0 linker stubs
 *(.glue_7)
 .glue_7        0x00000000        0x0 linker stubs
 *(.vfp11_veneer)
 .vfp11_veneer  0x00000000        0x0 linker stubs
 *(.bootloader)
 *(.ARM.extab* .gnu.linkonce.armextab.*)
 *(.gcc_except_table)

.v4_bx          0x00004ec8        0x0
 .v4_bx         0x00000000        0x0 linker stubs

.iplt           0x00004ec8        0x0
 .iplt          0x00000000        0x0 c:/program files (x86)/cypress/psoc creator/3.3/psoc creator/import/gnu/arm/4.9.3/bin/../lib/gcc/arm-none-eabi/4.9.3/armv6-m/crtbegin.o

.eh_frame_hdr
 *(.eh_frame_hdr)

.eh_frame       0x00004ec8        0x4
 *(.eh_frame)
 .eh_frame      0x00004ec8        0x0 c:/program files (x86)/cypress/psoc creator/3.3/psoc creator/import/gnu/arm/4.9.3/bin/../lib/gcc/arm-none-eabi/4.9.3/armv6-m/crtbegin.o
 .eh_frame      0x00004ec8        0x4 c:/program files (x86)/cypress/psoc creator/3.3/psoc creator/import/gnu/arm/4.9.3/bin/../lib/gcc/arm-none-eabi/4.9.3/armv6-m/crtend.o
                0x00004ecc                PROVIDE (__exidx_start, .)

.ARM.exidx
 *(.ARM.exidx* .gnu.linkonce.armexidx.*)
                0x00004ecc                __exidx_end = .

.rodata         0x00004ed0      0x520
 *(.rodata .rodata.* .gnu.linkonce.r.*)
 .rodata.str1.4
                0x00004ed0       0x36 .\CortexM0\ARM_GCC_493\Debug\sensors.o
                                 0x38 (size before relaxing)
 *fill*         0x00004f06        0x2 
 .rodata        0x00004f08      0x360 .\CortexM0\ARM_GCC_493\Debug\Plant_control2_0.a(cyfitter_cfg.o)
 .rodata        0x00005268       0x1c .\CortexM0\ARM_GCC_493\Debug\Plant_control2_0.a(ADC_SAR_Seq_1.o)
 .rodata        0x00005284       0x30 .\CortexM0\ARM_GCC_493\Debug\Plant_control2_0.a(CyLib.o)
                0x00005284                cyImoFreqMhz2Reg
 .rodata.str1.4
                0x000052b4        0x4 c:/program files (x86)/cypress/psoc creator/3.3/psoc creator/import/gnu/arm/4.9.3/bin/../lib/gcc/arm-none-eabi/4.9.3/../../../../arm-none-eabi/lib/armv6-m\libm.a(lib_a-w_pow.o)
 .rodata.dp_h   0x000052b8       0x10 c:/program files (x86)/cypress/psoc creator/3.3/psoc creator/import/gnu/arm/4.9.3/bin/../lib/gcc/arm-none-eabi/4.9.3/../../../../arm-none-eabi/lib/armv6-m\libm.a(lib_a-e_pow.o)
 .rodata.dp_l   0x000052c8       0x10 c:/program files (x86)/cypress/psoc creator/3.3/psoc creator/import/gnu/arm/4.9.3/bin/../lib/gcc/arm-none-eabi/4.9.3/../../../../arm-none-eabi/lib/armv6-m\libm.a(lib_a-e_pow.o)
 .rodata.bp     0x000052d8       0x10 c:/program files (x86)/cypress/psoc creator/3.3/psoc creator/import/gnu/arm/4.9.3/bin/../lib/gcc/arm-none-eabi/4.9.3/../../../../arm-none-eabi/lib/armv6-m\libm.a(lib_a-e_pow.o)
 .rodata.str1.4
                0x000052e8        0x4 c:/program files (x86)/cypress/psoc creator/3.3/psoc creator/import/gnu/arm/4.9.3/bin/../lib/gcc/arm-none-eabi/4.9.3/../../../../arm-none-eabi/lib/armv6-m\libm.a(lib_a-e_pow.o)
 *fill*         0x000052ec        0x4 
 .rodata.TWO52  0x000052f0       0x10 c:/program files (x86)/cypress/psoc creator/3.3/psoc creator/import/gnu/arm/4.9.3/bin/../lib/gcc/arm-none-eabi/4.9.3/../../../../arm-none-eabi/lib/armv6-m\libm.a(lib_a-s_rint.o)
 .rodata        0x00005300       0x40 c:/program files (x86)/cypress/psoc creator/3.3/psoc creator/import/gnu/arm/4.9.3/bin/../lib/gcc/arm-none-eabi/4.9.3/armv6-m\libgcc.a(divdf3.o)
 .rodata        0x00005340       0x40 c:/program files (x86)/cypress/psoc creator/3.3/psoc creator/import/gnu/arm/4.9.3/bin/../lib/gcc/arm-none-eabi/4.9.3/armv6-m\libgcc.a(muldf3.o)
 .rodata.str1.1
                0x00005380        0x2 c:/program files (x86)/cypress/psoc creator/3.3/psoc creator/import/gnu/arm/4.9.3/bin/../lib/gcc/arm-none-eabi/4.9.3/../../../../arm-none-eabi/lib/armv6-m\libg_nano.a(lib_a-impure.o)
 .rodata.str1.1
                0x00005382       0x11 c:/program files (x86)/cypress/psoc creator/3.3/psoc creator/import/gnu/arm/4.9.3/bin/../lib/gcc/arm-none-eabi/4.9.3/../../../../arm-none-eabi/lib/armv6-m\libg_nano.a(lib_a-nano-svfprintf.o)
 .rodata.str1.1
                0x00005393       0x22 c:/program files (x86)/cypress/psoc creator/3.3/psoc creator/import/gnu/arm/4.9.3/bin/../lib/gcc/arm-none-eabi/4.9.3/../../../../arm-none-eabi/lib/armv6-m\libg_nano.a(lib_a-nano-vfprintf_i.o)
                0x000053b8                . = ALIGN (0x4)
 *fill*         0x000053b5        0x3 
 *(.init)
 .init          0x000053b8        0x4 c:/program files (x86)/cypress/psoc creator/3.3/psoc creator/import/gnu/arm/4.9.3/bin/../lib/gcc/arm-none-eabi/4.9.3/armv6-m/crti.o
                0x000053b8                _init
 .init          0x000053bc        0x8 c:/program files (x86)/cypress/psoc creator/3.3/psoc creator/import/gnu/arm/4.9.3/bin/../lib/gcc/arm-none-eabi/4.9.3/armv6-m/crtn.o
                0x000053c4                . = ALIGN (0x4)
                0x000053c4                __preinit_array_start = .
 *(.preinit_array)
                0x000053c4                __preinit_array_end = .
                0x000053c4                . = ALIGN (0x4)
                0x000053c4                __init_array_start = .
 *(SORT(.init_array.*))
 *(.init_array)
 .init_array    0x000053c4        0x4 c:/program files (x86)/cypress/psoc creator/3.3/psoc creator/import/gnu/arm/4.9.3/bin/../lib/gcc/arm-none-eabi/4.9.3/armv6-m/crtbegin.o
 .init_array    0x000053c8        0x4 .\CortexM0\ARM_GCC_493\Debug\Cm0Start.o
                0x000053cc                __init_array_end = .
                0x000053cc                . = ALIGN (0x4)
 *(.fini)
 .fini          0x000053cc        0x4 c:/program files (x86)/cypress/psoc creator/3.3/psoc creator/import/gnu/arm/4.9.3/bin/../lib/gcc/arm-none-eabi/4.9.3/armv6-m/crti.o
                0x000053cc                _fini
 .fini          0x000053d0        0x8 c:/program files (x86)/cypress/psoc creator/3.3/psoc creator/import/gnu/arm/4.9.3/bin/../lib/gcc/arm-none-eabi/4.9.3/armv6-m/crtn.o
                0x000053d8                . = ALIGN (0x4)
                0x000053d8                __fini_array_start = .
 *(.fini_array)
 .fini_array    0x000053d8        0x4 c:/program files (x86)/cypress/psoc creator/3.3/psoc creator/import/gnu/arm/4.9.3/bin/../lib/gcc/arm-none-eabi/4.9.3/armv6-m/crtbegin.o
 *(SORT(.fini_array.*))
                0x000053dc                __fini_array_end = .
                0x000053dc                . = ALIGN (0x4)
 *crtbegin.o(.ctors)
 *(EXCLUDE_FILE(*crtend.o) .ctors)
 *(SORT(.ctors.*))
 *crtend.o(.ctors)
                0x000053dc                . = ALIGN (0x4)
 *crtbegin.o(.dtors)
 *(EXCLUDE_FILE(*crtend.o) .dtors)
 *(SORT(.dtors.*))
 *crtend.o(.dtors)
                0x000053dc                . = ALIGN (0x4)
                0x000053dc                __cy_regions = .
                0x000053dc        0x4 LONG 0x53f0 __cy_region_init_ram
                0x000053e0        0x4 LONG 0x200000c8 __cy_region_start_data
                0x000053e4        0x4 LONG 0x88 __cy_region_init_size_ram
                0x000053e8        0x4 LONG 0x580 __cy_region_zero_size_ram
                0x000053ec                __cy_regions_end = .
                0x000053f0                . = ALIGN (0x8)
 *fill*         0x000053ec        0x4 
                0x000053f0                _etext = .

.cy_checksum_exclude
                0x000053f0        0x0
 *(.cy_checksum_exclude)

.ramvectors     0x20000000       0xc0
                0x20000000                __cy_region_start_ram = .
 *(.ramvectors)
 .ramvectors    0x20000000       0xc0 .\CortexM0\ARM_GCC_493\Debug\Cm0Start.o
                0x20000000                CyRamVectors

.noinit         0x200000c0        0x4
 *(.noinit)
 .noinit        0x200000c0        0x4 .\CortexM0\ARM_GCC_493\Debug\Cm0Start.o

.data           0x200000c8       0x88 load address 0x000053f0
                0x200000c8                __cy_region_start_data = .
 *(.jcr)
 .jcr           0x200000c8        0x0 c:/program files (x86)/cypress/psoc creator/3.3/psoc creator/import/gnu/arm/4.9.3/bin/../lib/gcc/arm-none-eabi/4.9.3/armv6-m/crtbegin.o
 .jcr           0x200000c8        0x4 c:/program files (x86)/cypress/psoc creator/3.3/psoc creator/import/gnu/arm/4.9.3/bin/../lib/gcc/arm-none-eabi/4.9.3/armv6-m/crtend.o
 *(.got.plt)
 *(.got)
 *(.shdata)
 *(.data .data.* .gnu.linkonce.d.*)
 .data          0x200000cc        0x4 .\CortexM0\ARM_GCC_493\Debug\Cm0Start.o
 .data          0x200000d0       0x10 .\CortexM0\ARM_GCC_493\Debug\Plant_control2_0.a(CyLib.o)
                0x200000d0                cydelay32kMs
                0x200000d4                cydelayFreqKhz
                0x200000d8                cydelayFreqMhz
                0x200000dc                cydelayFreqHz
 .data          0x200000e0        0x4 .\CortexM0\ARM_GCC_493\Debug\Plant_control2_0.a(CyLFClk.o)
 .data.__fdlib_version
                0x200000e4        0x1 c:/program files (x86)/cypress/psoc creator/3.3/psoc creator/import/gnu/arm/4.9.3/bin/../lib/gcc/arm-none-eabi/4.9.3/../../../../arm-none-eabi/lib/armv6-m\libm.a(lib_a-s_lib_ver.o)
                0x200000e4                __fdlib_version
 *fill*         0x200000e5        0x3 
 .data.impure_data
                0x200000e8       0x60 c:/program files (x86)/cypress/psoc creator/3.3/psoc creator/import/gnu/arm/4.9.3/bin/../lib/gcc/arm-none-eabi/4.9.3/../../../../arm-none-eabi/lib/armv6-m\libg_nano.a(lib_a-impure.o)
 .data._impure_ptr
                0x20000148        0x4 c:/program files (x86)/cypress/psoc creator/3.3/psoc creator/import/gnu/arm/4.9.3/bin/../lib/gcc/arm-none-eabi/4.9.3/../../../../arm-none-eabi/lib/armv6-m\libg_nano.a(lib_a-impure.o)
                0x20000148                _impure_ptr
                0x20000150                . = ALIGN (0x8)
 *fill*         0x2000014c        0x4 
 *(.ram)
                0x20000150                _edata = .

.igot.plt       0x20000150        0x0 load address 0x00005478
 .igot.plt      0x00000000        0x0 c:/program files (x86)/cypress/psoc creator/3.3/psoc creator/import/gnu/arm/4.9.3/bin/../lib/gcc/arm-none-eabi/4.9.3/armv6-m/crtbegin.o

.bss            0x20000150      0x580 load address 0x00005478
                0x20000150                PROVIDE (__bss_start__, .)
 *(.shbss)
 *(.bss .bss.* .gnu.linkonce.b.*)
 .bss           0x20000150       0x1c c:/program files (x86)/cypress/psoc creator/3.3/psoc creator/import/gnu/arm/4.9.3/bin/../lib/gcc/arm-none-eabi/4.9.3/armv6-m/crtbegin.o
 .bss           0x2000016c        0xa .\CortexM0\ARM_GCC_493\Debug\sensors.o
                0x2000016c                moisture_ptr
                0x2000016d                waterlevel_ptr
                0x2000016e                temperature_ptr
                0x2000016f                batterylevel_ptr
                0x20000170                lightlevel_ptr
                0x20000172                procent_moisture
                0x20000174                procent_waterlevel
 *fill*         0x20000176        0x2 
 .bss           0x20000178      0x204 .\CortexM0\ARM_GCC_493\Debug\wifi.o
                0x20000178                stringRX_len
                0x2000017c                stringRX
                0x2000027c                uartString
 .bss           0x2000037c        0x1 .\CortexM0\ARM_GCC_493\Debug\Plant_control2_0.a(ADC_SAR_Seq_1.o)
                0x2000037c                ADC_SAR_Seq_1_initVar
 *fill*         0x2000037d        0x3 
 .bss           0x20000380       0x1c .\CortexM0\ARM_GCC_493\Debug\Plant_control2_0.a(CyLFClk.o)
 .bss           0x2000039c        0x9 .\CortexM0\ARM_GCC_493\Debug\Plant_control2_0.a(UART.o)
                0x2000039c                UART_errorStatus
                0x2000039d                UART_initVar
                0x2000039e                UART_rxBufferRead
                0x2000039f                UART_rxBufferWrite
                0x200003a0                UART_rxBufferLoopDetect
                0x200003a1                UART_rxBufferOverflow
                0x200003a2                UART_txBufferRead
                0x200003a3                UART_txBufferWrite
 *fill*         0x200003a5        0x3 
 .bss.__malloc_sbrk_start
                0x200003a8        0x4 c:/program files (x86)/cypress/psoc creator/3.3/psoc creator/import/gnu/arm/4.9.3/bin/../lib/gcc/arm-none-eabi/4.9.3/../../../../arm-none-eabi/lib/armv6-m\libg_nano.a(lib_a-nano-mallocr.o)
                0x200003a8                __malloc_sbrk_start
 .bss.__malloc_free_list
                0x200003ac        0x4 c:/program files (x86)/cypress/psoc creator/3.3/psoc creator/import/gnu/arm/4.9.3/bin/../lib/gcc/arm-none-eabi/4.9.3/../../../../arm-none-eabi/lib/armv6-m\libg_nano.a(lib_a-nano-mallocr.o)
                0x200003ac                __malloc_free_list
 *(COMMON)
 COMMON         0x200003b0       0xf8 .\CortexM0\ARM_GCC_493\Debug\sensors.o
                0x200003b0                temperature
                0x200003c0                batterylevel
                0x200003d0                waterlevel
                0x20000434                lightlevel
                0x20000444                moisture
 COMMON         0x200004a8        0x1 .\CortexM0\ARM_GCC_493\Debug\wifi.o
                0x200004a8                RXnewData
 *fill*         0x200004a9        0x3 
 COMMON         0x200004ac       0x20 .\CortexM0\ARM_GCC_493\Debug\Plant_control2_0.a(ADC_SAR_Seq_1.o)
                0x200004ac                ADC_SAR_Seq_1_offset
                0x200004b8                ADC_SAR_Seq_1_countsPer10Volt
 COMMON         0x200004cc      0x1ff .\CortexM0\ARM_GCC_493\Debug\Plant_control2_0.a(UART.o)
                0x200004cc                UART_rxBuffer
                0x200005cc                UART_txBuffer
 *fill*         0x200006cb        0x1 
 COMMON         0x200006cc        0x4 c:/program files (x86)/cypress/psoc creator/3.3/psoc creator/import/gnu/arm/4.9.3/bin/../lib/gcc/arm-none-eabi/4.9.3/../../../../arm-none-eabi/lib/armv6-m\libg_nano.a(lib_a-reent.o)
                0x200006cc                errno
                0x200006d0                . = ALIGN (0x8)
 *(.ram.b)
                0x200006d0                _end = .
                0x200006d0                __end = .
                0x200006d0                PROVIDE (end, .)
                0x200006d0                PROVIDE (__bss_end__, .)
                0x000053f0                __cy_region_init_ram = LOADADDR (.data)
                0x00000088                __cy_region_init_size_ram = (_edata - ADDR (.data))
                0x00000580                __cy_region_zero_size_ram = (_end - _edata)

.heap           0x200006d0       0x80 load address 0x00005478
                0x200006d0                . = _end
                0x20000750                . = (. + 0x80)
 *fill*         0x200006d0       0x80 
                0x20000750                __cy_heap_limit = .

.stack          0x20000c00      0x400
                0x20000c00                __cy_stack_limit = .
                0x20001000                . = (. + 0x400)
 *fill*         0x20000c00      0x400 
                0x00000001                ASSERT ((__cy_stack_limit >= __cy_heap_limit), region RAM overflowed with stack)
                0x00000000                cy_checksum_exclude_size = (CY_APPL_LOADABLE == 0x1)?SIZEOF (.cy_checksum_exclude):0x0
                0x00000001                ASSERT ((cy_checksum_exclude_size <= CY_CHECKSUM_EXCLUDE_SIZE), CY_BOOT: Section .cy_checksum_exclude size exceedes specified limit.)
                0x00007fc0                cyloadermeta_start = (cy_project_type_bootloader || cy_project_type_app_for_stack_and_copier)?(0x8000 - CY_METADATA_SIZE):0xf0000000

.cyloadermeta
 *(.cyloadermeta)
                0x00007fc0                cyloadablemeta_start = cy_project_type_app_for_stack_and_copier?((0x8000 - CY_FLASH_ROW_SIZE) - CY_METADATA_SIZE):((0x8000 - (CY_FLASH_ROW_SIZE * (CY_APPL_NUM - 0x1))) - CY_METADATA_SIZE)

.cyloadablemeta
 *(.cyloadablemeta)

.cyflashprotect
                0x90400000       0x20
 *(.cyflashprotect)
 .cyflashprotect
                0x90400000       0x20 .\CortexM0\ARM_GCC_493\Debug\cymetadata.o
                0x90400000                cy_meta_flashprotect

.cymeta         0x90500000        0xc
 *(.cymeta)
 .cymeta        0x90500000        0xc .\CortexM0\ARM_GCC_493\Debug\cymetadata.o
                0x90500000                cy_metadata

.cychipprotect  0x90600000        0x4
 *(.cychipprotect)
 .cychipprotect
                0x90600000        0x4 .\CortexM0\ARM_GCC_493\Debug\cymetadata.o
                0x90600000                cy_meta_chipprotect

.rel.dyn        0x00005478        0x0 load address 0x90600004
 .rel.iplt      0x00000000        0x0 c:/program files (x86)/cypress/psoc creator/3.3/psoc creator/import/gnu/arm/4.9.3/bin/../lib/gcc/arm-none-eabi/4.9.3/armv6-m/crtbegin.o

.stab
 *(.stab)

.stabstr
 *(.stabstr)

.debug
 *(.debug)

.line
 *(.line)

.debug_srcinfo
 *(.debug_srcinfo)

.debug_sfnames
 *(.debug_sfnames)

.debug_aranges  0x00000000      0x918
 *(.debug_aranges)
 .debug_aranges
                0x00000000       0x20 .\CortexM0\ARM_GCC_493\Debug\main.o
 .debug_aranges
                0x00000020       0x28 .\CortexM0\ARM_GCC_493\Debug\Plantcontrol.o
 .debug_aranges
                0x00000048       0x50 .\CortexM0\ARM_GCC_493\Debug\sensors.o
 .debug_aranges
                0x00000098       0x28 .\CortexM0\ARM_GCC_493\Debug\pump.o
 .debug_aranges
                0x000000c0       0x78 .\CortexM0\ARM_GCC_493\Debug\wifi.o
 .debug_aranges
                0x00000138       0x20 .\CortexM0\ARM_GCC_493\Debug\motor.o
 .debug_aranges
                0x00000158       0x18 .\CortexM0\ARM_GCC_493\Debug\cymetadata.o
 .debug_aranges
                0x00000170       0x48 .\CortexM0\ARM_GCC_493\Debug\Cm0Start.o
 .debug_aranges
                0x000001b8       0x50 .\CortexM0\ARM_GCC_493\Debug\Plant_control2_0.a(cyfitter_cfg.o)
 .debug_aranges
                0x00000208       0xa8 .\CortexM0\ARM_GCC_493\Debug\Plant_control2_0.a(ADC_SAR_Seq_1.o)
 .debug_aranges
                0x000002b0       0x20 .\CortexM0\ARM_GCC_493\Debug\Plant_control2_0.a(ADC_SAR_Seq_1_INT.o)
 .debug_aranges
                0x000002d0      0x170 .\CortexM0\ARM_GCC_493\Debug\Plant_control2_0.a(CyLib.o)
 .debug_aranges
                0x00000440      0x120 .\CortexM0\ARM_GCC_493\Debug\Plant_control2_0.a(CyLFClk.o)
 .debug_aranges
                0x00000560       0x40 .\CortexM0\ARM_GCC_493\Debug\Plant_control2_0.a(Pumpe.o)
 .debug_aranges
                0x000005a0       0x80 .\CortexM0\ARM_GCC_493\Debug\Plant_control2_0.a(isr_EOC.o)
 .debug_aranges
                0x00000620       0xf0 .\CortexM0\ARM_GCC_493\Debug\Plant_control2_0.a(UART.o)
 .debug_aranges
                0x00000710       0x28 .\CortexM0\ARM_GCC_493\Debug\Plant_control2_0.a(UART_INT.o)
 .debug_aranges
                0x00000738       0x80 .\CortexM0\ARM_GCC_493\Debug\Plant_control2_0.a(isr_UART.o)
 .debug_aranges
                0x000007b8       0x40 .\CortexM0\ARM_GCC_493\Debug\Plant_control2_0.a(UART_IntClock.o)
 .debug_aranges
                0x000007f8       0x40 .\CortexM0\ARM_GCC_493\Debug\Plant_control2_0.a(Rotor_motor1_plus_BLK.o)
 .debug_aranges
                0x00000838       0x40 .\CortexM0\ARM_GCC_493\Debug\Plant_control2_0.a(Rotor_motor2_plus_RED.o)
 .debug_aranges
                0x00000878       0x40 .\CortexM0\ARM_GCC_493\Debug\Plant_control2_0.a(Rotor_motor1_minus_GRN.o)
 .debug_aranges
                0x000008b8       0x40 .\CortexM0\ARM_GCC_493\Debug\Plant_control2_0.a(Rotor_motor2_minus_BLU.o)
 .debug_aranges
                0x000008f8       0x20 .\CortexM0\ARM_GCC_493\Debug\Plant_control2_0.a(CyBootAsmGnu.o)

.debug_pubnames
 *(.debug_pubnames)

.debug_info     0x00000000     0x5b19
 *(.debug_info .gnu.linkonce.wi.*)
 .debug_info    0x00000000      0x147 .\CortexM0\ARM_GCC_493\Debug\main.o
 .debug_info    0x00000147      0x1b0 .\CortexM0\ARM_GCC_493\Debug\Plantcontrol.o
 .debug_info    0x000002f7      0x62b .\CortexM0\ARM_GCC_493\Debug\sensors.o
 .debug_info    0x00000922       0xea .\CortexM0\ARM_GCC_493\Debug\pump.o
 .debug_info    0x00000a0c      0xe63 .\CortexM0\ARM_GCC_493\Debug\wifi.o
 .debug_info    0x0000186f      0x227 .\CortexM0\ARM_GCC_493\Debug\motor.o
 .debug_info    0x00001a96       0xfd .\CortexM0\ARM_GCC_493\Debug\cymetadata.o
 .debug_info    0x00001b93      0x38a .\CortexM0\ARM_GCC_493\Debug\Cm0Start.o
 .debug_info    0x00001f1d      0x5a7 .\CortexM0\ARM_GCC_493\Debug\Plant_control2_0.a(cyfitter_cfg.o)
 .debug_info    0x000024c4      0x5b8 .\CortexM0\ARM_GCC_493\Debug\Plant_control2_0.a(ADC_SAR_Seq_1.o)
 .debug_info    0x00002a7c       0xc3 .\CortexM0\ARM_GCC_493\Debug\Plant_control2_0.a(ADC_SAR_Seq_1_INT.o)
 .debug_info    0x00002b3f      0xa61 .\CortexM0\ARM_GCC_493\Debug\Plant_control2_0.a(CyLib.o)
 .debug_info    0x000035a0      0xc20 .\CortexM0\ARM_GCC_493\Debug\Plant_control2_0.a(CyLFClk.o)
 .debug_info    0x000041c0      0x150 .\CortexM0\ARM_GCC_493\Debug\Plant_control2_0.a(Pumpe.o)
 .debug_info    0x00004310      0x2fe .\CortexM0\ARM_GCC_493\Debug\Plant_control2_0.a(isr_EOC.o)
 .debug_info    0x0000460e      0x97e .\CortexM0\ARM_GCC_493\Debug\Plant_control2_0.a(UART.o)
 .debug_info    0x00004f8c      0x17e .\CortexM0\ARM_GCC_493\Debug\Plant_control2_0.a(UART_INT.o)
 .debug_info    0x0000510a      0x2fe .\CortexM0\ARM_GCC_493\Debug\Plant_control2_0.a(isr_UART.o)
 .debug_info    0x00005408      0x14b .\CortexM0\ARM_GCC_493\Debug\Plant_control2_0.a(UART_IntClock.o)
 .debug_info    0x00005553      0x150 .\CortexM0\ARM_GCC_493\Debug\Plant_control2_0.a(Rotor_motor1_plus_BLK.o)
 .debug_info    0x000056a3      0x150 .\CortexM0\ARM_GCC_493\Debug\Plant_control2_0.a(Rotor_motor2_plus_RED.o)
 .debug_info    0x000057f3      0x150 .\CortexM0\ARM_GCC_493\Debug\Plant_control2_0.a(Rotor_motor1_minus_GRN.o)
 .debug_info    0x00005943      0x150 .\CortexM0\ARM_GCC_493\Debug\Plant_control2_0.a(Rotor_motor2_minus_BLU.o)
 .debug_info    0x00005a93       0x86 .\CortexM0\ARM_GCC_493\Debug\Plant_control2_0.a(CyBootAsmGnu.o)

.debug_abbrev   0x00000000     0x1d0b
 *(.debug_abbrev)
 .debug_abbrev  0x00000000       0xc9 .\CortexM0\ARM_GCC_493\Debug\main.o
 .debug_abbrev  0x000000c9      0x10a .\CortexM0\ARM_GCC_493\Debug\Plantcontrol.o
 .debug_abbrev  0x000001d3      0x215 .\CortexM0\ARM_GCC_493\Debug\sensors.o
 .debug_abbrev  0x000003e8       0x7e .\CortexM0\ARM_GCC_493\Debug\pump.o
 .debug_abbrev  0x00000466      0x25b .\CortexM0\ARM_GCC_493\Debug\wifi.o
 .debug_abbrev  0x000006c1       0xcf .\CortexM0\ARM_GCC_493\Debug\motor.o
 .debug_abbrev  0x00000790       0x5d .\CortexM0\ARM_GCC_493\Debug\cymetadata.o
 .debug_abbrev  0x000007ed      0x1fe .\CortexM0\ARM_GCC_493\Debug\Cm0Start.o
 .debug_abbrev  0x000009eb      0x21f .\CortexM0\ARM_GCC_493\Debug\Plant_control2_0.a(cyfitter_cfg.o)
 .debug_abbrev  0x00000c0a      0x1ea .\CortexM0\ARM_GCC_493\Debug\Plant_control2_0.a(ADC_SAR_Seq_1.o)
 .debug_abbrev  0x00000df4       0x72 .\CortexM0\ARM_GCC_493\Debug\Plant_control2_0.a(ADC_SAR_Seq_1_INT.o)
 .debug_abbrev  0x00000e66      0x20d .\CortexM0\ARM_GCC_493\Debug\Plant_control2_0.a(CyLib.o)
 .debug_abbrev  0x00001073      0x226 .\CortexM0\ARM_GCC_493\Debug\Plant_control2_0.a(CyLFClk.o)
 .debug_abbrev  0x00001299       0xb7 .\CortexM0\ARM_GCC_493\Debug\Plant_control2_0.a(Pumpe.o)
 .debug_abbrev  0x00001350      0x1c1 .\CortexM0\ARM_GCC_493\Debug\Plant_control2_0.a(isr_EOC.o)
 .debug_abbrev  0x00001511      0x1d6 .\CortexM0\ARM_GCC_493\Debug\Plant_control2_0.a(UART.o)
 .debug_abbrev  0x000016e7       0xaf .\CortexM0\ARM_GCC_493\Debug\Plant_control2_0.a(UART_INT.o)
 .debug_abbrev  0x00001796      0x1c1 .\CortexM0\ARM_GCC_493\Debug\Plant_control2_0.a(isr_UART.o)
 .debug_abbrev  0x00001957       0xc4 .\CortexM0\ARM_GCC_493\Debug\Plant_control2_0.a(UART_IntClock.o)
 .debug_abbrev  0x00001a1b       0xb7 .\CortexM0\ARM_GCC_493\Debug\Plant_control2_0.a(Rotor_motor1_plus_BLK.o)
 .debug_abbrev  0x00001ad2       0xb7 .\CortexM0\ARM_GCC_493\Debug\Plant_control2_0.a(Rotor_motor2_plus_RED.o)
 .debug_abbrev  0x00001b89       0xb7 .\CortexM0\ARM_GCC_493\Debug\Plant_control2_0.a(Rotor_motor1_minus_GRN.o)
 .debug_abbrev  0x00001c40       0xb7 .\CortexM0\ARM_GCC_493\Debug\Plant_control2_0.a(Rotor_motor2_minus_BLU.o)
 .debug_abbrev  0x00001cf7       0x14 .\CortexM0\ARM_GCC_493\Debug\Plant_control2_0.a(CyBootAsmGnu.o)

.debug_line     0x00000000     0x246d
 *(.debug_line)
 .debug_line    0x00000000       0xc5 .\CortexM0\ARM_GCC_493\Debug\main.o
 .debug_line    0x000000c5       0xa1 .\CortexM0\ARM_GCC_493\Debug\Plantcontrol.o
 .debug_line    0x00000166      0x261 .\CortexM0\ARM_GCC_493\Debug\sensors.o
 .debug_line    0x000003c7       0x7a .\CortexM0\ARM_GCC_493\Debug\pump.o
 .debug_line    0x00000441      0x3e2 .\CortexM0\ARM_GCC_493\Debug\wifi.o
 .debug_line    0x00000823      0x101 .\CortexM0\ARM_GCC_493\Debug\motor.o
 .debug_line    0x00000924       0x53 .\CortexM0\ARM_GCC_493\Debug\cymetadata.o
 .debug_line    0x00000977      0x248 .\CortexM0\ARM_GCC_493\Debug\Cm0Start.o
 .debug_line    0x00000bbf      0x1cd .\CortexM0\ARM_GCC_493\Debug\Plant_control2_0.a(cyfitter_cfg.o)
 .debug_line    0x00000d8c      0x29e .\CortexM0\ARM_GCC_493\Debug\Plant_control2_0.a(ADC_SAR_Seq_1.o)
 .debug_line    0x0000102a       0x6e .\CortexM0\ARM_GCC_493\Debug\Plant_control2_0.a(ADC_SAR_Seq_1_INT.o)
 .debug_line    0x00001098      0x42c .\CortexM0\ARM_GCC_493\Debug\Plant_control2_0.a(CyLib.o)
 .debug_line    0x000014c4      0x3fe .\CortexM0\ARM_GCC_493\Debug\Plant_control2_0.a(CyLFClk.o)
 .debug_line    0x000018c2       0xab .\CortexM0\ARM_GCC_493\Debug\Plant_control2_0.a(Pumpe.o)
 .debug_line    0x0000196d      0x16c .\CortexM0\ARM_GCC_493\Debug\Plant_control2_0.a(isr_EOC.o)
 .debug_line    0x00001ad9      0x35b .\CortexM0\ARM_GCC_493\Debug\Plant_control2_0.a(UART.o)
 .debug_line    0x00001e34       0xa9 .\CortexM0\ARM_GCC_493\Debug\Plant_control2_0.a(UART_INT.o)
 .debug_line    0x00001edd      0x16d .\CortexM0\ARM_GCC_493\Debug\Plant_control2_0.a(isr_UART.o)
 .debug_line    0x0000204a       0xcc .\CortexM0\ARM_GCC_493\Debug\Plant_control2_0.a(UART_IntClock.o)
 .debug_line    0x00002116       0xbb .\CortexM0\ARM_GCC_493\Debug\Plant_control2_0.a(Rotor_motor1_plus_BLK.o)
 .debug_line    0x000021d1       0xbb .\CortexM0\ARM_GCC_493\Debug\Plant_control2_0.a(Rotor_motor2_plus_RED.o)
 .debug_line    0x0000228c       0xbc .\CortexM0\ARM_GCC_493\Debug\Plant_control2_0.a(Rotor_motor1_minus_GRN.o)
 .debug_line    0x00002348       0xbc .\CortexM0\ARM_GCC_493\Debug\Plant_control2_0.a(Rotor_motor2_minus_BLU.o)
 .debug_line    0x00002404       0x69 .\CortexM0\ARM_GCC_493\Debug\Plant_control2_0.a(CyBootAsmGnu.o)

.debug_frame    0x00000000     0x1e78
 *(.debug_frame)
 .debug_frame   0x00000000       0x2c .\CortexM0\ARM_GCC_493\Debug\main.o
 .debug_frame   0x0000002c       0x3c .\CortexM0\ARM_GCC_493\Debug\Plantcontrol.o
 .debug_frame   0x00000068       0xd8 .\CortexM0\ARM_GCC_493\Debug\sensors.o
 .debug_frame   0x00000140       0x48 .\CortexM0\ARM_GCC_493\Debug\pump.o
 .debug_frame   0x00000188      0x190 .\CortexM0\ARM_GCC_493\Debug\wifi.o
 .debug_frame   0x00000318       0x2c .\CortexM0\ARM_GCC_493\Debug\motor.o
 .debug_frame   0x00000344       0xb0 .\CortexM0\ARM_GCC_493\Debug\Cm0Start.o
 .debug_frame   0x000003f4       0xd8 .\CortexM0\ARM_GCC_493\Debug\Plant_control2_0.a(cyfitter_cfg.o)
 .debug_frame   0x000004cc      0x1b0 .\CortexM0\ARM_GCC_493\Debug\Plant_control2_0.a(ADC_SAR_Seq_1.o)
 .debug_frame   0x0000067c       0x20 .\CortexM0\ARM_GCC_493\Debug\Plant_control2_0.a(ADC_SAR_Seq_1_INT.o)
 .debug_frame   0x0000069c      0x3b4 .\CortexM0\ARM_GCC_493\Debug\Plant_control2_0.a(CyLib.o)
 .debug_frame   0x00000a50      0x368 .\CortexM0\ARM_GCC_493\Debug\Plant_control2_0.a(CyLFClk.o)
 .debug_frame   0x00000db8       0x60 .\CortexM0\ARM_GCC_493\Debug\Plant_control2_0.a(Pumpe.o)
 .debug_frame   0x00000e18      0x110 .\CortexM0\ARM_GCC_493\Debug\Plant_control2_0.a(isr_EOC.o)
 .debug_frame   0x00000f28      0x290 .\CortexM0\ARM_GCC_493\Debug\Plant_control2_0.a(UART.o)
 .debug_frame   0x000011b8       0x30 .\CortexM0\ARM_GCC_493\Debug\Plant_control2_0.a(UART_INT.o)
 .debug_frame   0x000011e8      0x110 .\CortexM0\ARM_GCC_493\Debug\Plant_control2_0.a(isr_UART.o)
 .debug_frame   0x000012f8       0x60 .\CortexM0\ARM_GCC_493\Debug\Plant_control2_0.a(UART_IntClock.o)
 .debug_frame   0x00001358       0x60 .\CortexM0\ARM_GCC_493\Debug\Plant_control2_0.a(Rotor_motor1_plus_BLK.o)
 .debug_frame   0x000013b8       0x60 .\CortexM0\ARM_GCC_493\Debug\Plant_control2_0.a(Rotor_motor2_plus_RED.o)
 .debug_frame   0x00001418       0x60 .\CortexM0\ARM_GCC_493\Debug\Plant_control2_0.a(Rotor_motor1_minus_GRN.o)
 .debug_frame   0x00001478       0x60 .\CortexM0\ARM_GCC_493\Debug\Plant_control2_0.a(Rotor_motor2_minus_BLU.o)
 .debug_frame   0x000014d8       0x38 c:/program files (x86)/cypress/psoc creator/3.3/psoc creator/import/gnu/arm/4.9.3/bin/../lib/gcc/arm-none-eabi/4.9.3/../../../../arm-none-eabi/lib/armv6-m\libm.a(lib_a-w_pow.o)
 .debug_frame   0x00001510       0x3c c:/program files (x86)/cypress/psoc creator/3.3/psoc creator/import/gnu/arm/4.9.3/bin/../lib/gcc/arm-none-eabi/4.9.3/../../../../arm-none-eabi/lib/armv6-m\libm.a(lib_a-e_pow.o)
 .debug_frame   0x0000154c       0x3c c:/program files (x86)/cypress/psoc creator/3.3/psoc creator/import/gnu/arm/4.9.3/bin/../lib/gcc/arm-none-eabi/4.9.3/../../../../arm-none-eabi/lib/armv6-m\libm.a(lib_a-e_sqrt.o)
 .debug_frame   0x00001588       0x20 c:/program files (x86)/cypress/psoc creator/3.3/psoc creator/import/gnu/arm/4.9.3/bin/../lib/gcc/arm-none-eabi/4.9.3/../../../../arm-none-eabi/lib/armv6-m\libm.a(lib_a-s_fabs.o)
 .debug_frame   0x000015a8       0x20 c:/program files (x86)/cypress/psoc creator/3.3/psoc creator/import/gnu/arm/4.9.3/bin/../lib/gcc/arm-none-eabi/4.9.3/../../../../arm-none-eabi/lib/armv6-m\libm.a(lib_a-s_finite.o)
 .debug_frame   0x000015c8       0x2c c:/program files (x86)/cypress/psoc creator/3.3/psoc creator/import/gnu/arm/4.9.3/bin/../lib/gcc/arm-none-eabi/4.9.3/../../../../arm-none-eabi/lib/armv6-m\libm.a(lib_a-s_fpclassify.o)
 .debug_frame   0x000015f4       0x20 c:/program files (x86)/cypress/psoc creator/3.3/psoc creator/import/gnu/arm/4.9.3/bin/../lib/gcc/arm-none-eabi/4.9.3/../../../../arm-none-eabi/lib/armv6-m\libm.a(lib_a-s_matherr.o)
 .debug_frame   0x00001614       0x20 c:/program files (x86)/cypress/psoc creator/3.3/psoc creator/import/gnu/arm/4.9.3/bin/../lib/gcc/arm-none-eabi/4.9.3/../../../../arm-none-eabi/lib/armv6-m\libm.a(lib_a-s_nan.o)
 .debug_frame   0x00001634       0x38 c:/program files (x86)/cypress/psoc creator/3.3/psoc creator/import/gnu/arm/4.9.3/bin/../lib/gcc/arm-none-eabi/4.9.3/../../../../arm-none-eabi/lib/armv6-m\libm.a(lib_a-s_rint.o)
 .debug_frame   0x0000166c       0x30 c:/program files (x86)/cypress/psoc creator/3.3/psoc creator/import/gnu/arm/4.9.3/bin/../lib/gcc/arm-none-eabi/4.9.3/../../../../arm-none-eabi/lib/armv6-m\libm.a(lib_a-s_scalbn.o)
 .debug_frame   0x0000169c       0x2c c:/program files (x86)/cypress/psoc creator/3.3/psoc creator/import/gnu/arm/4.9.3/bin/../lib/gcc/arm-none-eabi/4.9.3/../../../../arm-none-eabi/lib/armv6-m\libm.a(lib_a-s_copysign.o)
 .debug_frame   0x000016c8       0x20 c:/program files (x86)/cypress/psoc creator/3.3/psoc creator/import/gnu/arm/4.9.3/bin/../lib/gcc/arm-none-eabi/4.9.3/armv6-m\libgcc.a(_udivsi3.o)
 .debug_frame   0x000016e8       0x20 c:/program files (x86)/cypress/psoc creator/3.3/psoc creator/import/gnu/arm/4.9.3/bin/../lib/gcc/arm-none-eabi/4.9.3/armv6-m\libgcc.a(_divsi3.o)
 .debug_frame   0x00001708       0x34 c:/program files (x86)/cypress/psoc creator/3.3/psoc creator/import/gnu/arm/4.9.3/bin/../lib/gcc/arm-none-eabi/4.9.3/armv6-m\libgcc.a(_muldi3.o)
 .debug_frame   0x0000173c       0x50 c:/program files (x86)/cypress/psoc creator/3.3/psoc creator/import/gnu/arm/4.9.3/bin/../lib/gcc/arm-none-eabi/4.9.3/armv6-m\libgcc.a(bpabi.o)
 .debug_frame   0x0000178c       0x3c c:/program files (x86)/cypress/psoc creator/3.3/psoc creator/import/gnu/arm/4.9.3/bin/../lib/gcc/arm-none-eabi/4.9.3/armv6-m\libgcc.a(divsf3.o)
 .debug_frame   0x000017c8       0x3c c:/program files (x86)/cypress/psoc creator/3.3/psoc creator/import/gnu/arm/4.9.3/bin/../lib/gcc/arm-none-eabi/4.9.3/armv6-m\libgcc.a(mulsf3.o)
 .debug_frame   0x00001804       0x2c c:/program files (x86)/cypress/psoc creator/3.3/psoc creator/import/gnu/arm/4.9.3/bin/../lib/gcc/arm-none-eabi/4.9.3/armv6-m\libgcc.a(floatsisf.o)
 .debug_frame   0x00001830       0x38 c:/program files (x86)/cypress/psoc creator/3.3/psoc creator/import/gnu/arm/4.9.3/bin/../lib/gcc/arm-none-eabi/4.9.3/armv6-m\libgcc.a(adddf3.o)
 .debug_frame   0x00001868       0x3c c:/program files (x86)/cypress/psoc creator/3.3/psoc creator/import/gnu/arm/4.9.3/bin/../lib/gcc/arm-none-eabi/4.9.3/armv6-m\libgcc.a(divdf3.o)
 .debug_frame   0x000018a4       0x38 c:/program files (x86)/cypress/psoc creator/3.3/psoc creator/import/gnu/arm/4.9.3/bin/../lib/gcc/arm-none-eabi/4.9.3/armv6-m\libgcc.a(eqdf2.o)
 .debug_frame   0x000018dc       0x38 c:/program files (x86)/cypress/psoc creator/3.3/psoc creator/import/gnu/arm/4.9.3/bin/../lib/gcc/arm-none-eabi/4.9.3/armv6-m\libgcc.a(gedf2.o)
 .debug_frame   0x00001914       0x38 c:/program files (x86)/cypress/psoc creator/3.3/psoc creator/import/gnu/arm/4.9.3/bin/../lib/gcc/arm-none-eabi/4.9.3/armv6-m\libgcc.a(ledf2.o)
 .debug_frame   0x0000194c       0x3c c:/program files (x86)/cypress/psoc creator/3.3/psoc creator/import/gnu/arm/4.9.3/bin/../lib/gcc/arm-none-eabi/4.9.3/armv6-m\libgcc.a(muldf3.o)
 .debug_frame   0x00001988       0x3c c:/program files (x86)/cypress/psoc creator/3.3/psoc creator/import/gnu/arm/4.9.3/bin/../lib/gcc/arm-none-eabi/4.9.3/armv6-m\libgcc.a(subdf3.o)
 .debug_frame   0x000019c4       0x2c c:/program files (x86)/cypress/psoc creator/3.3/psoc creator/import/gnu/arm/4.9.3/bin/../lib/gcc/arm-none-eabi/4.9.3/armv6-m\libgcc.a(fixdfsi.o)
 .debug_frame   0x000019f0       0x2c c:/program files (x86)/cypress/psoc creator/3.3/psoc creator/import/gnu/arm/4.9.3/bin/../lib/gcc/arm-none-eabi/4.9.3/armv6-m\libgcc.a(floatsidf.o)
 .debug_frame   0x00001a1c       0x3c c:/program files (x86)/cypress/psoc creator/3.3/psoc creator/import/gnu/arm/4.9.3/bin/../lib/gcc/arm-none-eabi/4.9.3/armv6-m\libgcc.a(_divdi3.o)
 .debug_frame   0x00001a58       0x3c c:/program files (x86)/cypress/psoc creator/3.3/psoc creator/import/gnu/arm/4.9.3/bin/../lib/gcc/arm-none-eabi/4.9.3/armv6-m\libgcc.a(_udivdi3.o)
 .debug_frame   0x00001a94       0x40 c:/program files (x86)/cypress/psoc creator/3.3/psoc creator/import/gnu/arm/4.9.3/bin/../lib/gcc/arm-none-eabi/4.9.3/../../../../arm-none-eabi/lib/armv6-m\libg_nano.a(lib_a-atoi.o)
 .debug_frame   0x00001ad4       0x20 c:/program files (x86)/cypress/psoc creator/3.3/psoc creator/import/gnu/arm/4.9.3/bin/../lib/gcc/arm-none-eabi/4.9.3/../../../../arm-none-eabi/lib/armv6-m\libg_nano.a(lib_a-errno.o)
 .debug_frame   0x00001af4       0x28 c:/program files (x86)/cypress/psoc creator/3.3/psoc creator/import/gnu/arm/4.9.3/bin/../lib/gcc/arm-none-eabi/4.9.3/../../../../arm-none-eabi/lib/armv6-m\libg_nano.a(lib_a-exit.o)
 .debug_frame   0x00001b1c       0x2c c:/program files (x86)/cypress/psoc creator/3.3/psoc creator/import/gnu/arm/4.9.3/bin/../lib/gcc/arm-none-eabi/4.9.3/../../../../arm-none-eabi/lib/armv6-m\libg_nano.a(lib_a-init.o)
 .debug_frame   0x00001b48       0x28 c:/program files (x86)/cypress/psoc creator/3.3/psoc creator/import/gnu/arm/4.9.3/bin/../lib/gcc/arm-none-eabi/4.9.3/../../../../arm-none-eabi/lib/armv6-m\libg_nano.a(lib_a-memcpy.o)
 .debug_frame   0x00001b70       0x20 c:/program files (x86)/cypress/psoc creator/3.3/psoc creator/import/gnu/arm/4.9.3/bin/../lib/gcc/arm-none-eabi/4.9.3/../../../../arm-none-eabi/lib/armv6-m\libg_nano.a(lib_a-memset.o)
 .debug_frame   0x00001b90       0x50 c:/program files (x86)/cypress/psoc creator/3.3/psoc creator/import/gnu/arm/4.9.3/bin/../lib/gcc/arm-none-eabi/4.9.3/../../../../arm-none-eabi/lib/armv6-m\libg_nano.a(lib_a-sprintf.o)
 .debug_frame   0x00001be0       0x20 c:/program files (x86)/cypress/psoc creator/3.3/psoc creator/import/gnu/arm/4.9.3/bin/../lib/gcc/arm-none-eabi/4.9.3/../../../../arm-none-eabi/lib/armv6-m\libg_nano.a(lib_a-strlen.o)
 .debug_frame   0x00001c00       0x4c c:/program files (x86)/cypress/psoc creator/3.3/psoc creator/import/gnu/arm/4.9.3/bin/../lib/gcc/arm-none-eabi/4.9.3/../../../../arm-none-eabi/lib/armv6-m\libg_nano.a(lib_a-strtol.o)
 .debug_frame   0x00001c4c       0x74 c:/program files (x86)/cypress/psoc creator/3.3/psoc creator/import/gnu/arm/4.9.3/bin/../lib/gcc/arm-none-eabi/4.9.3/../../../../arm-none-eabi/lib/armv6-m\libg_nano.a(lib_a-nano-svfprintf.o)
 .debug_frame   0x00001cc0       0x54 c:/program files (x86)/cypress/psoc creator/3.3/psoc creator/import/gnu/arm/4.9.3/bin/../lib/gcc/arm-none-eabi/4.9.3/../../../../arm-none-eabi/lib/armv6-m\libg_nano.a(lib_a-nano-vfprintf_i.o)
 .debug_frame   0x00001d14       0x20 c:/program files (x86)/cypress/psoc creator/3.3/psoc creator/import/gnu/arm/4.9.3/bin/../lib/gcc/arm-none-eabi/4.9.3/../../../../arm-none-eabi/lib/armv6-m\libg_nano.a(lib_a-memchr.o)
 .debug_frame   0x00001d34       0x28 c:/program files (x86)/cypress/psoc creator/3.3/psoc creator/import/gnu/arm/4.9.3/bin/../lib/gcc/arm-none-eabi/4.9.3/../../../../arm-none-eabi/lib/armv6-m\libg_nano.a(lib_a-memmove.o)
 .debug_frame   0x00001d5c       0x2c c:/program files (x86)/cypress/psoc creator/3.3/psoc creator/import/gnu/arm/4.9.3/bin/../lib/gcc/arm-none-eabi/4.9.3/../../../../arm-none-eabi/lib/armv6-m\libg_nano.a(lib_a-nano-freer.o)
 .debug_frame   0x00001d88       0x2c c:/program files (x86)/cypress/psoc creator/3.3/psoc creator/import/gnu/arm/4.9.3/bin/../lib/gcc/arm-none-eabi/4.9.3/../../../../arm-none-eabi/lib/armv6-m\libg_nano.a(lib_a-nano-mallocr.o)
 .debug_frame   0x00001db4       0x30 c:/program files (x86)/cypress/psoc creator/3.3/psoc creator/import/gnu/arm/4.9.3/bin/../lib/gcc/arm-none-eabi/4.9.3/../../../../arm-none-eabi/lib/armv6-m\libg_nano.a(lib_a-nano-reallocr.o)
 .debug_frame   0x00001de4       0x2c c:/program files (x86)/cypress/psoc creator/3.3/psoc creator/import/gnu/arm/4.9.3/bin/../lib/gcc/arm-none-eabi/4.9.3/../../../../arm-none-eabi/lib/armv6-m\libg_nano.a(lib_a-sbrkr.o)
 .debug_frame   0x00001e10       0x20 c:/program files (x86)/cypress/psoc creator/3.3/psoc creator/import/gnu/arm/4.9.3/bin/../lib/gcc/arm-none-eabi/4.9.3/../../../../arm-none-eabi/lib/armv6-m\libg_nano.a(lib_a-nano-msizer.o)
 .debug_frame   0x00001e30       0x48 c:/program files (x86)/cypress/psoc creator/3.3/psoc creator/import/gnu/arm/4.9.3/bin/../lib/gcc/arm-none-eabi/4.9.3/../../../../arm-none-eabi/lib/armv6-m\libg_nano.a(lib_a-reent.o)

.debug_str      0x00000000     0x1f89
 *(.debug_str)
 .debug_str     0x00000000      0x19b .\CortexM0\ARM_GCC_493\Debug\main.o
                                0x1ec (size before relaxing)
 .debug_str     0x0000019b       0xb0 .\CortexM0\ARM_GCC_493\Debug\Plantcontrol.o
                                0x22b (size before relaxing)
 .debug_str     0x0000024b      0x1b8 .\CortexM0\ARM_GCC_493\Debug\sensors.o
                                0x3c3 (size before relaxing)
 .debug_str     0x00000403       0x20 .\CortexM0\ARM_GCC_493\Debug\pump.o
                                0x189 (size before relaxing)
 .debug_str     0x00000423      0x26d .\CortexM0\ARM_GCC_493\Debug\wifi.o
                                0x4c0 (size before relaxing)
 .debug_str     0x00000690       0x87 .\CortexM0\ARM_GCC_493\Debug\motor.o
                                0x21e (size before relaxing)
 .debug_str     0x00000717       0x5b .\CortexM0\ARM_GCC_493\Debug\cymetadata.o
                                0x1c4 (size before relaxing)
 .debug_str     0x00000772      0x148 .\CortexM0\ARM_GCC_493\Debug\Cm0Start.o
                                0x2eb (size before relaxing)
 .debug_str     0x000008ba      0x195 .\CortexM0\ARM_GCC_493\Debug\Plant_control2_0.a(cyfitter_cfg.o)
                                0x363 (size before relaxing)
 .debug_str     0x00000a4f      0x290 .\CortexM0\ARM_GCC_493\Debug\Plant_control2_0.a(ADC_SAR_Seq_1.o)
                                0x4bf (size before relaxing)
 .debug_str     0x00000cdf       0x4b .\CortexM0\ARM_GCC_493\Debug\Plant_control2_0.a(ADC_SAR_Seq_1_INT.o)
                                0x1bb (size before relaxing)
 .debug_str     0x00000d2a      0x43c .\CortexM0\ARM_GCC_493\Debug\Plant_control2_0.a(CyLib.o)
                                0x63f (size before relaxing)
 .debug_str     0x00001166      0x46d .\CortexM0\ARM_GCC_493\Debug\Plant_control2_0.a(CyLFClk.o)
                                0x649 (size before relaxing)
 .debug_str     0x000015d3       0x79 .\CortexM0\ARM_GCC_493\Debug\Plant_control2_0.a(Pumpe.o)
                                0x1fd (size before relaxing)
 .debug_str     0x0000164c      0x103 .\CortexM0\ARM_GCC_493\Debug\Plant_control2_0.a(isr_EOC.o)
                                0x2f0 (size before relaxing)
 .debug_str     0x0000174f      0x32f .\CortexM0\ARM_GCC_493\Debug\Plant_control2_0.a(UART.o)
                                0x5bd (size before relaxing)
 .debug_str     0x00001a7e       0x60 .\CortexM0\ARM_GCC_493\Debug\Plant_control2_0.a(UART_INT.o)
                                0x273 (size before relaxing)
 .debug_str     0x00001ade      0x101 .\CortexM0\ARM_GCC_493\Debug\Plant_control2_0.a(isr_UART.o)
                                0x2fe (size before relaxing)
 .debug_str     0x00001bdf       0xc8 .\CortexM0\ARM_GCC_493\Debug\Plant_control2_0.a(UART_IntClock.o)
                                0x263 (size before relaxing)
 .debug_str     0x00001ca7       0xb6 .\CortexM0\ARM_GCC_493\Debug\Plant_control2_0.a(Rotor_motor1_plus_BLK.o)
                                0x25d (size before relaxing)
 .debug_str     0x00001d5d       0xb6 .\CortexM0\ARM_GCC_493\Debug\Plant_control2_0.a(Rotor_motor2_plus_RED.o)
                                0x25d (size before relaxing)
 .debug_str     0x00001e13       0xbb .\CortexM0\ARM_GCC_493\Debug\Plant_control2_0.a(Rotor_motor1_minus_GRN.o)
                                0x263 (size before relaxing)
 .debug_str     0x00001ece       0xbb .\CortexM0\ARM_GCC_493\Debug\Plant_control2_0.a(Rotor_motor2_minus_BLU.o)
                                0x263 (size before relaxing)

.debug_loc      0x00000000     0x24dd
 *(.debug_loc)
 .debug_loc     0x00000000      0x326 .\CortexM0\ARM_GCC_493\Debug\sensors.o
 .debug_loc     0x00000326      0x4b1 .\CortexM0\ARM_GCC_493\Debug\wifi.o
 .debug_loc     0x000007d7       0x29 .\CortexM0\ARM_GCC_493\Debug\motor.o
 .debug_loc     0x00000800      0x14f .\CortexM0\ARM_GCC_493\Debug\Cm0Start.o
 .debug_loc     0x0000094f      0x21c .\CortexM0\ARM_GCC_493\Debug\Plant_control2_0.a(cyfitter_cfg.o)
 .debug_loc     0x00000b6b      0x477 .\CortexM0\ARM_GCC_493\Debug\Plant_control2_0.a(ADC_SAR_Seq_1.o)
 .debug_loc     0x00000fe2      0x534 .\CortexM0\ARM_GCC_493\Debug\Plant_control2_0.a(CyLib.o)
 .debug_loc     0x00001516      0x7df .\CortexM0\ARM_GCC_493\Debug\Plant_control2_0.a(CyLFClk.o)
 .debug_loc     0x00001cf5       0x81 .\CortexM0\ARM_GCC_493\Debug\Plant_control2_0.a(Pumpe.o)
 .debug_loc     0x00001d76       0x82 .\CortexM0\ARM_GCC_493\Debug\Plant_control2_0.a(isr_EOC.o)
 .debug_loc     0x00001df8      0x3f9 .\CortexM0\ARM_GCC_493\Debug\Plant_control2_0.a(UART.o)
 .debug_loc     0x000021f1       0x45 .\CortexM0\ARM_GCC_493\Debug\Plant_control2_0.a(UART_INT.o)
 .debug_loc     0x00002236       0x82 .\CortexM0\ARM_GCC_493\Debug\Plant_control2_0.a(isr_UART.o)
 .debug_loc     0x000022b8       0x21 .\CortexM0\ARM_GCC_493\Debug\Plant_control2_0.a(UART_IntClock.o)
 .debug_loc     0x000022d9       0x81 .\CortexM0\ARM_GCC_493\Debug\Plant_control2_0.a(Rotor_motor1_plus_BLK.o)
 .debug_loc     0x0000235a       0x81 .\CortexM0\ARM_GCC_493\Debug\Plant_control2_0.a(Rotor_motor2_plus_RED.o)
 .debug_loc     0x000023db       0x81 .\CortexM0\ARM_GCC_493\Debug\Plant_control2_0.a(Rotor_motor1_minus_GRN.o)
 .debug_loc     0x0000245c       0x81 .\CortexM0\ARM_GCC_493\Debug\Plant_control2_0.a(Rotor_motor2_minus_BLU.o)

.debug_macinfo
 *(.debug_macinfo)

.debug_ranges   0x00000000      0x7b0
 *(.debug_ranges)
 .debug_ranges  0x00000000       0x10 .\CortexM0\ARM_GCC_493\Debug\main.o
 .debug_ranges  0x00000010       0x18 .\CortexM0\ARM_GCC_493\Debug\Plantcontrol.o
 .debug_ranges  0x00000028       0x70 .\CortexM0\ARM_GCC_493\Debug\sensors.o
 .debug_ranges  0x00000098       0x18 .\CortexM0\ARM_GCC_493\Debug\pump.o
 .debug_ranges  0x000000b0       0x68 .\CortexM0\ARM_GCC_493\Debug\wifi.o
 .debug_ranges  0x00000118       0x10 .\CortexM0\ARM_GCC_493\Debug\motor.o
 .debug_ranges  0x00000128       0x38 .\CortexM0\ARM_GCC_493\Debug\Cm0Start.o
 .debug_ranges  0x00000160       0x40 .\CortexM0\ARM_GCC_493\Debug\Plant_control2_0.a(cyfitter_cfg.o)
 .debug_ranges  0x000001a0       0x98 .\CortexM0\ARM_GCC_493\Debug\Plant_control2_0.a(ADC_SAR_Seq_1.o)
 .debug_ranges  0x00000238       0x10 .\CortexM0\ARM_GCC_493\Debug\Plant_control2_0.a(ADC_SAR_Seq_1_INT.o)
 .debug_ranges  0x00000248      0x160 .\CortexM0\ARM_GCC_493\Debug\Plant_control2_0.a(CyLib.o)
 .debug_ranges  0x000003a8      0x110 .\CortexM0\ARM_GCC_493\Debug\Plant_control2_0.a(CyLFClk.o)
 .debug_ranges  0x000004b8       0x30 .\CortexM0\ARM_GCC_493\Debug\Plant_control2_0.a(Pumpe.o)
 .debug_ranges  0x000004e8       0x70 .\CortexM0\ARM_GCC_493\Debug\Plant_control2_0.a(isr_EOC.o)
 .debug_ranges  0x00000558       0xe0 .\CortexM0\ARM_GCC_493\Debug\Plant_control2_0.a(UART.o)
 .debug_ranges  0x00000638       0x18 .\CortexM0\ARM_GCC_493\Debug\Plant_control2_0.a(UART_INT.o)
 .debug_ranges  0x00000650       0x70 .\CortexM0\ARM_GCC_493\Debug\Plant_control2_0.a(isr_UART.o)
 .debug_ranges  0x000006c0       0x30 .\CortexM0\ARM_GCC_493\Debug\Plant_control2_0.a(UART_IntClock.o)
 .debug_ranges  0x000006f0       0x30 .\CortexM0\ARM_GCC_493\Debug\Plant_control2_0.a(Rotor_motor1_plus_BLK.o)
 .debug_ranges  0x00000720       0x30 .\CortexM0\ARM_GCC_493\Debug\Plant_control2_0.a(Rotor_motor2_plus_RED.o)
 .debug_ranges  0x00000750       0x30 .\CortexM0\ARM_GCC_493\Debug\Plant_control2_0.a(Rotor_motor1_minus_GRN.o)
 .debug_ranges  0x00000780       0x30 .\CortexM0\ARM_GCC_493\Debug\Plant_control2_0.a(Rotor_motor2_minus_BLU.o)

.comment        0x00000000       0x70
 .comment       0x00000000       0x70 .\CortexM0\ARM_GCC_493\Debug\main.o
                                 0x71 (size before relaxing)
 .comment       0x00000000       0x71 .\CortexM0\ARM_GCC_493\Debug\Plantcontrol.o
 .comment       0x00000000       0x71 .\CortexM0\ARM_GCC_493\Debug\sensors.o
 .comment       0x00000000       0x71 .\CortexM0\ARM_GCC_493\Debug\pump.o
 .comment       0x00000000       0x71 .\CortexM0\ARM_GCC_493\Debug\wifi.o
 .comment       0x00000000       0x71 .\CortexM0\ARM_GCC_493\Debug\motor.o
 .comment       0x00000000       0x71 .\CortexM0\ARM_GCC_493\Debug\cymetadata.o
 .comment       0x00000000       0x71 .\CortexM0\ARM_GCC_493\Debug\Cm0Start.o
 .comment       0x00000000       0x71 .\CortexM0\ARM_GCC_493\Debug\Plant_control2_0.a(cyfitter_cfg.o)
 .comment       0x00000000       0x71 .\CortexM0\ARM_GCC_493\Debug\Plant_control2_0.a(ADC_SAR_Seq_1.o)
 .comment       0x00000000       0x71 .\CortexM0\ARM_GCC_493\Debug\Plant_control2_0.a(ADC_SAR_Seq_1_INT.o)
 .comment       0x00000000       0x71 .\CortexM0\ARM_GCC_493\Debug\Plant_control2_0.a(CyLib.o)
 .comment       0x00000000       0x71 .\CortexM0\ARM_GCC_493\Debug\Plant_control2_0.a(CyLFClk.o)
 .comment       0x00000000       0x71 .\CortexM0\ARM_GCC_493\Debug\Plant_control2_0.a(Pumpe.o)
 .comment       0x00000000       0x71 .\CortexM0\ARM_GCC_493\Debug\Plant_control2_0.a(isr_EOC.o)
 .comment       0x00000000       0x71 .\CortexM0\ARM_GCC_493\Debug\Plant_control2_0.a(UART.o)
 .comment       0x00000000       0x71 .\CortexM0\ARM_GCC_493\Debug\Plant_control2_0.a(UART_INT.o)
 .comment       0x00000000       0x71 .\CortexM0\ARM_GCC_493\Debug\Plant_control2_0.a(isr_UART.o)
 .comment       0x00000000       0x71 .\CortexM0\ARM_GCC_493\Debug\Plant_control2_0.a(UART_IntClock.o)
 .comment       0x00000000       0x71 .\CortexM0\ARM_GCC_493\Debug\Plant_control2_0.a(Rotor_motor1_plus_BLK.o)
 .comment       0x00000000       0x71 .\CortexM0\ARM_GCC_493\Debug\Plant_control2_0.a(Rotor_motor2_plus_RED.o)
 .comment       0x00000000       0x71 .\CortexM0\ARM_GCC_493\Debug\Plant_control2_0.a(Rotor_motor1_minus_GRN.o)
 .comment       0x00000000       0x71 .\CortexM0\ARM_GCC_493\Debug\Plant_control2_0.a(Rotor_motor2_minus_BLU.o)

.debug_weaknames
 *(.debug_weaknames)

.debug_funcnames
 *(.debug_funcnames)

.debug_typenames
 *(.debug_typenames)

.debug_varnames
 *(.debug_varnames)

.note.gnu.arm.ident
 *(.note.gnu.arm.ident)

.ARM.attributes
                0x00000000       0x28
 *(.ARM.attributes)
 .ARM.attributes
                0x00000000       0x1e c:/program files (x86)/cypress/psoc creator/3.3/psoc creator/import/gnu/arm/4.9.3/bin/../lib/gcc/arm-none-eabi/4.9.3/armv6-m/crti.o
 .ARM.attributes
                0x0000001e       0x2c c:/program files (x86)/cypress/psoc creator/3.3/psoc creator/import/gnu/arm/4.9.3/bin/../lib/gcc/arm-none-eabi/4.9.3/armv6-m/crtbegin.o
 .ARM.attributes
                0x0000004a       0x1b c:/program files (x86)/cypress/psoc creator/3.3/psoc creator/import/gnu/arm/4.9.3/bin/../lib/gcc/arm-none-eabi/4.9.3/../../../../arm-none-eabi/lib/armv6-m/crt0.o
 .ARM.attributes
                0x00000065       0x31 .\CortexM0\ARM_GCC_493\Debug\main.o
 .ARM.attributes
                0x00000096       0x31 .\CortexM0\ARM_GCC_493\Debug\Plantcontrol.o
 .ARM.attributes
                0x000000c7       0x31 .\CortexM0\ARM_GCC_493\Debug\sensors.o
 .ARM.attributes
                0x000000f8       0x31 .\CortexM0\ARM_GCC_493\Debug\pump.o
 .ARM.attributes
                0x00000129       0x31 .\CortexM0\ARM_GCC_493\Debug\wifi.o
 .ARM.attributes
                0x0000015a       0x31 .\CortexM0\ARM_GCC_493\Debug\motor.o
 .ARM.attributes
                0x0000018b       0x31 .\CortexM0\ARM_GCC_493\Debug\cymetadata.o
 .ARM.attributes
                0x000001bc       0x31 .\CortexM0\ARM_GCC_493\Debug\Cm0Start.o
 .ARM.attributes
                0x000001ed       0x31 .\CortexM0\ARM_GCC_493\Debug\Plant_control2_0.a(cyfitter_cfg.o)
 .ARM.attributes
                0x0000021e       0x31 .\CortexM0\ARM_GCC_493\Debug\Plant_control2_0.a(ADC_SAR_Seq_1.o)
 .ARM.attributes
                0x0000024f       0x31 .\CortexM0\ARM_GCC_493\Debug\Plant_control2_0.a(ADC_SAR_Seq_1_INT.o)
 .ARM.attributes
                0x00000280       0x31 .\CortexM0\ARM_GCC_493\Debug\Plant_control2_0.a(CyLib.o)
 .ARM.attributes
                0x000002b1       0x31 .\CortexM0\ARM_GCC_493\Debug\Plant_control2_0.a(CyLFClk.o)
 .ARM.attributes
                0x000002e2       0x31 .\CortexM0\ARM_GCC_493\Debug\Plant_control2_0.a(Pumpe.o)
 .ARM.attributes
                0x00000313       0x31 .\CortexM0\ARM_GCC_493\Debug\Plant_control2_0.a(isr_EOC.o)
 .ARM.attributes
                0x00000344       0x31 .\CortexM0\ARM_GCC_493\Debug\Plant_control2_0.a(UART.o)
 .ARM.attributes
                0x00000375       0x31 .\CortexM0\ARM_GCC_493\Debug\Plant_control2_0.a(UART_INT.o)
 .ARM.attributes
                0x000003a6       0x31 .\CortexM0\ARM_GCC_493\Debug\Plant_control2_0.a(isr_UART.o)
 .ARM.attributes
                0x000003d7       0x31 .\CortexM0\ARM_GCC_493\Debug\Plant_control2_0.a(UART_IntClock.o)
 .ARM.attributes
                0x00000408       0x31 .\CortexM0\ARM_GCC_493\Debug\Plant_control2_0.a(Rotor_motor1_plus_BLK.o)
 .ARM.attributes
                0x00000439       0x31 .\CortexM0\ARM_GCC_493\Debug\Plant_control2_0.a(Rotor_motor2_plus_RED.o)
 .ARM.attributes
                0x0000046a       0x31 .\CortexM0\ARM_GCC_493\Debug\Plant_control2_0.a(Rotor_motor1_minus_GRN.o)
 .ARM.attributes
                0x0000049b       0x31 .\CortexM0\ARM_GCC_493\Debug\Plant_control2_0.a(Rotor_motor2_minus_BLU.o)
 .ARM.attributes
                0x000004cc       0x21 .\CortexM0\ARM_GCC_493\Debug\Plant_control2_0.a(CyBootAsmGnu.o)
 .ARM.attributes
                0x000004ed       0x2c c:/program files (x86)/cypress/psoc creator/3.3/psoc creator/import/gnu/arm/4.9.3/bin/../lib/gcc/arm-none-eabi/4.9.3/../../../../arm-none-eabi/lib/armv6-m\libm.a(lib_a-w_pow.o)
 .ARM.attributes
                0x00000519       0x2c c:/program files (x86)/cypress/psoc creator/3.3/psoc creator/import/gnu/arm/4.9.3/bin/../lib/gcc/arm-none-eabi/4.9.3/../../../../arm-none-eabi/lib/armv6-m\libm.a(lib_a-e_pow.o)
 .ARM.attributes
                0x00000545       0x2c c:/program files (x86)/cypress/psoc creator/3.3/psoc creator/import/gnu/arm/4.9.3/bin/../lib/gcc/arm-none-eabi/4.9.3/../../../../arm-none-eabi/lib/armv6-m\libm.a(lib_a-e_sqrt.o)
 .ARM.attributes
                0x00000571       0x2c c:/program files (x86)/cypress/psoc creator/3.3/psoc creator/import/gnu/arm/4.9.3/bin/../lib/gcc/arm-none-eabi/4.9.3/../../../../arm-none-eabi/lib/armv6-m\libm.a(lib_a-s_fabs.o)
 .ARM.attributes
                0x0000059d       0x2c c:/program files (x86)/cypress/psoc creator/3.3/psoc creator/import/gnu/arm/4.9.3/bin/../lib/gcc/arm-none-eabi/4.9.3/../../../../arm-none-eabi/lib/armv6-m\libm.a(lib_a-s_finite.o)
 .ARM.attributes
                0x000005c9       0x2c c:/program files (x86)/cypress/psoc creator/3.3/psoc creator/import/gnu/arm/4.9.3/bin/../lib/gcc/arm-none-eabi/4.9.3/../../../../arm-none-eabi/lib/armv6-m\libm.a(lib_a-s_fpclassify.o)
 .ARM.attributes
                0x000005f5       0x2c c:/program files (x86)/cypress/psoc creator/3.3/psoc creator/import/gnu/arm/4.9.3/bin/../lib/gcc/arm-none-eabi/4.9.3/../../../../arm-none-eabi/lib/armv6-m\libm.a(lib_a-s_lib_ver.o)
 .ARM.attributes
                0x00000621       0x2c c:/program files (x86)/cypress/psoc creator/3.3/psoc creator/import/gnu/arm/4.9.3/bin/../lib/gcc/arm-none-eabi/4.9.3/../../../../arm-none-eabi/lib/armv6-m\libm.a(lib_a-s_matherr.o)
 .ARM.attributes
                0x0000064d       0x2c c:/program files (x86)/cypress/psoc creator/3.3/psoc creator/import/gnu/arm/4.9.3/bin/../lib/gcc/arm-none-eabi/4.9.3/../../../../arm-none-eabi/lib/armv6-m\libm.a(lib_a-s_nan.o)
 .ARM.attributes
                0x00000679       0x2c c:/program files (x86)/cypress/psoc creator/3.3/psoc creator/import/gnu/arm/4.9.3/bin/../lib/gcc/arm-none-eabi/4.9.3/../../../../arm-none-eabi/lib/armv6-m\libm.a(lib_a-s_rint.o)
 .ARM.attributes
                0x000006a5       0x2c c:/program files (x86)/cypress/psoc creator/3.3/psoc creator/import/gnu/arm/4.9.3/bin/../lib/gcc/arm-none-eabi/4.9.3/../../../../arm-none-eabi/lib/armv6-m\libm.a(lib_a-s_scalbn.o)
 .ARM.attributes
                0x000006d1       0x2c c:/program files (x86)/cypress/psoc creator/3.3/psoc creator/import/gnu/arm/4.9.3/bin/../lib/gcc/arm-none-eabi/4.9.3/../../../../arm-none-eabi/lib/armv6-m\libm.a(lib_a-s_copysign.o)
 .ARM.attributes
                0x000006fd       0x1e c:/program files (x86)/cypress/psoc creator/3.3/psoc creator/import/gnu/arm/4.9.3/bin/../lib/gcc/arm-none-eabi/4.9.3/armv6-m\libgcc.a(_udivsi3.o)
 .ARM.attributes
                0x0000071b       0x1e c:/program files (x86)/cypress/psoc creator/3.3/psoc creator/import/gnu/arm/4.9.3/bin/../lib/gcc/arm-none-eabi/4.9.3/armv6-m\libgcc.a(_divsi3.o)
 .ARM.attributes
                0x00000739       0x1e c:/program files (x86)/cypress/psoc creator/3.3/psoc creator/import/gnu/arm/4.9.3/bin/../lib/gcc/arm-none-eabi/4.9.3/armv6-m\libgcc.a(_dvmd_tls.o)
 .ARM.attributes
                0x00000757       0x1e c:/program files (x86)/cypress/psoc creator/3.3/psoc creator/import/gnu/arm/4.9.3/bin/../lib/gcc/arm-none-eabi/4.9.3/armv6-m\libgcc.a(_arm_cmpdf2.o)
 .ARM.attributes
                0x00000775       0x1e c:/program files (x86)/cypress/psoc creator/3.3/psoc creator/import/gnu/arm/4.9.3/bin/../lib/gcc/arm-none-eabi/4.9.3/armv6-m\libgcc.a(_aeabi_ldivmod.o)
 .ARM.attributes
                0x00000793       0x2c c:/program files (x86)/cypress/psoc creator/3.3/psoc creator/import/gnu/arm/4.9.3/bin/../lib/gcc/arm-none-eabi/4.9.3/armv6-m\libgcc.a(_muldi3.o)
 .ARM.attributes
                0x000007bf       0x2c c:/program files (x86)/cypress/psoc creator/3.3/psoc creator/import/gnu/arm/4.9.3/bin/../lib/gcc/arm-none-eabi/4.9.3/armv6-m\libgcc.a(bpabi.o)
 .ARM.attributes
                0x000007eb       0x2c c:/program files (x86)/cypress/psoc creator/3.3/psoc creator/import/gnu/arm/4.9.3/bin/../lib/gcc/arm-none-eabi/4.9.3/armv6-m\libgcc.a(divsf3.o)
 .ARM.attributes
                0x00000817       0x2c c:/program files (x86)/cypress/psoc creator/3.3/psoc creator/import/gnu/arm/4.9.3/bin/../lib/gcc/arm-none-eabi/4.9.3/armv6-m\libgcc.a(mulsf3.o)
 .ARM.attributes
                0x00000843       0x2c c:/program files (x86)/cypress/psoc creator/3.3/psoc creator/import/gnu/arm/4.9.3/bin/../lib/gcc/arm-none-eabi/4.9.3/armv6-m\libgcc.a(floatsisf.o)
 .ARM.attributes
                0x0000086f       0x2c c:/program files (x86)/cypress/psoc creator/3.3/psoc creator/import/gnu/arm/4.9.3/bin/../lib/gcc/arm-none-eabi/4.9.3/armv6-m\libgcc.a(adddf3.o)
 .ARM.attributes
                0x0000089b       0x2c c:/program files (x86)/cypress/psoc creator/3.3/psoc creator/import/gnu/arm/4.9.3/bin/../lib/gcc/arm-none-eabi/4.9.3/armv6-m\libgcc.a(divdf3.o)
 .ARM.attributes
                0x000008c7       0x2c c:/program files (x86)/cypress/psoc creator/3.3/psoc creator/import/gnu/arm/4.9.3/bin/../lib/gcc/arm-none-eabi/4.9.3/armv6-m\libgcc.a(eqdf2.o)
 .ARM.attributes
                0x000008f3       0x2c c:/program files (x86)/cypress/psoc creator/3.3/psoc creator/import/gnu/arm/4.9.3/bin/../lib/gcc/arm-none-eabi/4.9.3/armv6-m\libgcc.a(gedf2.o)
 .ARM.attributes
                0x0000091f       0x2c c:/program files (x86)/cypress/psoc creator/3.3/psoc creator/import/gnu/arm/4.9.3/bin/../lib/gcc/arm-none-eabi/4.9.3/armv6-m\libgcc.a(ledf2.o)
 .ARM.attributes
                0x0000094b       0x2c c:/program files (x86)/cypress/psoc creator/3.3/psoc creator/import/gnu/arm/4.9.3/bin/../lib/gcc/arm-none-eabi/4.9.3/armv6-m\libgcc.a(muldf3.o)
 .ARM.attributes
                0x00000977       0x2c c:/program files (x86)/cypress/psoc creator/3.3/psoc creator/import/gnu/arm/4.9.3/bin/../lib/gcc/arm-none-eabi/4.9.3/armv6-m\libgcc.a(subdf3.o)
 .ARM.attributes
                0x000009a3       0x2c c:/program files (x86)/cypress/psoc creator/3.3/psoc creator/import/gnu/arm/4.9.3/bin/../lib/gcc/arm-none-eabi/4.9.3/armv6-m\libgcc.a(fixdfsi.o)
 .ARM.attributes
                0x000009cf       0x2c c:/program files (x86)/cypress/psoc creator/3.3/psoc creator/import/gnu/arm/4.9.3/bin/../lib/gcc/arm-none-eabi/4.9.3/armv6-m\libgcc.a(floatsidf.o)
 .ARM.attributes
                0x000009fb       0x1e c:/program files (x86)/cypress/psoc creator/3.3/psoc creator/import/gnu/arm/4.9.3/bin/../lib/gcc/arm-none-eabi/4.9.3/armv6-m\libgcc.a(_clzsi2.o)
 .ARM.attributes
                0x00000a19       0x2c c:/program files (x86)/cypress/psoc creator/3.3/psoc creator/import/gnu/arm/4.9.3/bin/../lib/gcc/arm-none-eabi/4.9.3/armv6-m\libgcc.a(_divdi3.o)
 .ARM.attributes
                0x00000a45       0x2c c:/program files (x86)/cypress/psoc creator/3.3/psoc creator/import/gnu/arm/4.9.3/bin/../lib/gcc/arm-none-eabi/4.9.3/armv6-m\libgcc.a(_udivdi3.o)
 .ARM.attributes
                0x00000a71       0x1e c:/program files (x86)/cypress/psoc creator/3.3/psoc creator/import/gnu/arm/4.9.3/bin/../lib/gcc/arm-none-eabi/4.9.3/armv6-m\libgcc.a(_clzdi2.o)
 .ARM.attributes
                0x00000a8f       0x2c c:/program files (x86)/cypress/psoc creator/3.3/psoc creator/import/gnu/arm/4.9.3/bin/../lib/gcc/arm-none-eabi/4.9.3/../../../../arm-none-eabi/lib/armv6-m\libg_nano.a(lib_a-atoi.o)
 .ARM.attributes
                0x00000abb       0x2c c:/program files (x86)/cypress/psoc creator/3.3/psoc creator/import/gnu/arm/4.9.3/bin/../lib/gcc/arm-none-eabi/4.9.3/../../../../arm-none-eabi/lib/armv6-m\libg_nano.a(lib_a-errno.o)
 .ARM.attributes
                0x00000ae7       0x2c c:/program files (x86)/cypress/psoc creator/3.3/psoc creator/import/gnu/arm/4.9.3/bin/../lib/gcc/arm-none-eabi/4.9.3/../../../../arm-none-eabi/lib/armv6-m\libg_nano.a(lib_a-exit.o)
 .ARM.attributes
                0x00000b13       0x2c c:/program files (x86)/cypress/psoc creator/3.3/psoc creator/import/gnu/arm/4.9.3/bin/../lib/gcc/arm-none-eabi/4.9.3/../../../../arm-none-eabi/lib/armv6-m\libg_nano.a(lib_a-impure.o)
 .ARM.attributes
                0x00000b3f       0x2c c:/program files (x86)/cypress/psoc creator/3.3/psoc creator/import/gnu/arm/4.9.3/bin/../lib/gcc/arm-none-eabi/4.9.3/../../../../arm-none-eabi/lib/armv6-m\libg_nano.a(lib_a-init.o)
 .ARM.attributes
                0x00000b6b       0x2c c:/program files (x86)/cypress/psoc creator/3.3/psoc creator/import/gnu/arm/4.9.3/bin/../lib/gcc/arm-none-eabi/4.9.3/../../../../arm-none-eabi/lib/armv6-m\libg_nano.a(lib_a-memcpy.o)
 .ARM.attributes
                0x00000b97       0x2c c:/program files (x86)/cypress/psoc creator/3.3/psoc creator/import/gnu/arm/4.9.3/bin/../lib/gcc/arm-none-eabi/4.9.3/../../../../arm-none-eabi/lib/armv6-m\libg_nano.a(lib_a-memset.o)
 .ARM.attributes
                0x00000bc3       0x2c c:/program files (x86)/cypress/psoc creator/3.3/psoc creator/import/gnu/arm/4.9.3/bin/../lib/gcc/arm-none-eabi/4.9.3/../../../../arm-none-eabi/lib/armv6-m\libg_nano.a(lib_a-sprintf.o)
 .ARM.attributes
                0x00000bef       0x2c c:/program files (x86)/cypress/psoc creator/3.3/psoc creator/import/gnu/arm/4.9.3/bin/../lib/gcc/arm-none-eabi/4.9.3/../../../../arm-none-eabi/lib/armv6-m\libg_nano.a(lib_a-strlen.o)
 .ARM.attributes
                0x00000c1b       0x2c c:/program files (x86)/cypress/psoc creator/3.3/psoc creator/import/gnu/arm/4.9.3/bin/../lib/gcc/arm-none-eabi/4.9.3/../../../../arm-none-eabi/lib/armv6-m\libg_nano.a(lib_a-strtol.o)
 .ARM.attributes
                0x00000c47       0x2c c:/program files (x86)/cypress/psoc creator/3.3/psoc creator/import/gnu/arm/4.9.3/bin/../lib/gcc/arm-none-eabi/4.9.3/../../../../arm-none-eabi/lib/armv6-m\libg_nano.a(lib_a-ctype_.o)
 .ARM.attributes
                0x00000c73       0x2c c:/program files (x86)/cypress/psoc creator/3.3/psoc creator/import/gnu/arm/4.9.3/bin/../lib/gcc/arm-none-eabi/4.9.3/../../../../arm-none-eabi/lib/armv6-m\libg_nano.a(lib_a-nano-svfprintf.o)
 .ARM.attributes
                0x00000c9f       0x2c c:/program files (x86)/cypress/psoc creator/3.3/psoc creator/import/gnu/arm/4.9.3/bin/../lib/gcc/arm-none-eabi/4.9.3/../../../../arm-none-eabi/lib/armv6-m\libg_nano.a(lib_a-nano-vfprintf_i.o)
 .ARM.attributes
                0x00000ccb       0x2c c:/program files (x86)/cypress/psoc creator/3.3/psoc creator/import/gnu/arm/4.9.3/bin/../lib/gcc/arm-none-eabi/4.9.3/../../../../arm-none-eabi/lib/armv6-m\libg_nano.a(lib_a-memchr.o)
 .ARM.attributes
                0x00000cf7       0x2c c:/program files (x86)/cypress/psoc creator/3.3/psoc creator/import/gnu/arm/4.9.3/bin/../lib/gcc/arm-none-eabi/4.9.3/../../../../arm-none-eabi/lib/armv6-m\libg_nano.a(lib_a-memmove.o)
 .ARM.attributes
                0x00000d23       0x2c c:/program files (x86)/cypress/psoc creator/3.3/psoc creator/import/gnu/arm/4.9.3/bin/../lib/gcc/arm-none-eabi/4.9.3/../../../../arm-none-eabi/lib/armv6-m\libg_nano.a(lib_a-nano-freer.o)
 .ARM.attributes
                0x00000d4f       0x2c c:/program files (x86)/cypress/psoc creator/3.3/psoc creator/import/gnu/arm/4.9.3/bin/../lib/gcc/arm-none-eabi/4.9.3/../../../../arm-none-eabi/lib/armv6-m\libg_nano.a(lib_a-nano-mallocr.o)
 .ARM.attributes
                0x00000d7b       0x2c c:/program files (x86)/cypress/psoc creator/3.3/psoc creator/import/gnu/arm/4.9.3/bin/../lib/gcc/arm-none-eabi/4.9.3/../../../../arm-none-eabi/lib/armv6-m\libg_nano.a(lib_a-nano-reallocr.o)
 .ARM.attributes
                0x00000da7       0x2c c:/program files (x86)/cypress/psoc creator/3.3/psoc creator/import/gnu/arm/4.9.3/bin/../lib/gcc/arm-none-eabi/4.9.3/../../../../arm-none-eabi/lib/armv6-m\libg_nano.a(lib_a-sbrkr.o)
 .ARM.attributes
                0x00000dd3       0x2c c:/program files (x86)/cypress/psoc creator/3.3/psoc creator/import/gnu/arm/4.9.3/bin/../lib/gcc/arm-none-eabi/4.9.3/../../../../arm-none-eabi/lib/armv6-m\libg_nano.a(lib_a-nano-msizer.o)
 .ARM.attributes
                0x00000dff       0x2c c:/program files (x86)/cypress/psoc creator/3.3/psoc creator/import/gnu/arm/4.9.3/bin/../lib/gcc/arm-none-eabi/4.9.3/../../../../arm-none-eabi/lib/armv6-m\libg_nano.a(lib_a-reent.o)
 .ARM.attributes
                0x00000e2b       0x2c c:/program files (x86)/cypress/psoc creator/3.3/psoc creator/import/gnu/arm/4.9.3/bin/../lib/gcc/arm-none-eabi/4.9.3/armv6-m/crtend.o
 .ARM.attributes
                0x00000e57       0x1e c:/program files (x86)/cypress/psoc creator/3.3/psoc creator/import/gnu/arm/4.9.3/bin/../lib/gcc/arm-none-eabi/4.9.3/armv6-m/crtn.o

/DISCARD/
 *(.note.GNU-stack)
OUTPUT(.\CortexM0\ARM_GCC_493\Debug\Plant_control2_0.elf elf32-littlearm)